me.ahoo.wow.elasticsearch.query.AbstractElasticsearchConditionConverter#class|public abstract class me.ahoo.wow.elasticsearch.query.AbstractElasticsearchConditionConverter extends me.ahoo.wow.query.converter.AbstractConditionConverter<co.elastic.clients.elasticsearch._types.query_dsl.Query> {
me.ahoo.wow.elasticsearch.query.AbstractElasticsearchConditionConverter#public co.elastic.clients.elasticsearch._types.query_dsl.Query all(me.ahoo.wow.api.query.Condition);|descriptor: (Lme/ahoo/wow/api/query/Condition;)Lco/elastic/clients/elasticsearch/_types/query_dsl/Query;
me.ahoo.wow.elasticsearch.query.AbstractElasticsearchConditionConverter#public co.elastic.clients.elasticsearch._types.query_dsl.Query allIn(me.ahoo.wow.api.query.Condition);|descriptor: (Lme/ahoo/wow/api/query/Condition;)Lco/elastic/clients/elasticsearch/_types/query_dsl/Query;
me.ahoo.wow.elasticsearch.query.AbstractElasticsearchConditionConverter#public co.elastic.clients.elasticsearch._types.query_dsl.Query and(me.ahoo.wow.api.query.Condition);|descriptor: (Lme/ahoo/wow/api/query/Condition;)Lco/elastic/clients/elasticsearch/_types/query_dsl/Query;
me.ahoo.wow.elasticsearch.query.AbstractElasticsearchConditionConverter#public co.elastic.clients.elasticsearch._types.query_dsl.Query between(me.ahoo.wow.api.query.Condition);|descriptor: (Lme/ahoo/wow/api/query/Condition;)Lco/elastic/clients/elasticsearch/_types/query_dsl/Query;
me.ahoo.wow.elasticsearch.query.AbstractElasticsearchConditionConverter#public co.elastic.clients.elasticsearch._types.query_dsl.Query contains(me.ahoo.wow.api.query.Condition);|descriptor: (Lme/ahoo/wow/api/query/Condition;)Lco/elastic/clients/elasticsearch/_types/query_dsl/Query;
me.ahoo.wow.elasticsearch.query.AbstractElasticsearchConditionConverter#public co.elastic.clients.elasticsearch._types.query_dsl.Query deleted(me.ahoo.wow.api.query.Condition);|descriptor: (Lme/ahoo/wow/api/query/Condition;)Lco/elastic/clients/elasticsearch/_types/query_dsl/Query;
me.ahoo.wow.elasticsearch.query.AbstractElasticsearchConditionConverter#public co.elastic.clients.elasticsearch._types.query_dsl.Query elemMatch(me.ahoo.wow.api.query.Condition);|descriptor: (Lme/ahoo/wow/api/query/Condition;)Lco/elastic/clients/elasticsearch/_types/query_dsl/Query;
me.ahoo.wow.elasticsearch.query.AbstractElasticsearchConditionConverter#public co.elastic.clients.elasticsearch._types.query_dsl.Query endsWith(me.ahoo.wow.api.query.Condition);|descriptor: (Lme/ahoo/wow/api/query/Condition;)Lco/elastic/clients/elasticsearch/_types/query_dsl/Query;
me.ahoo.wow.elasticsearch.query.AbstractElasticsearchConditionConverter#public co.elastic.clients.elasticsearch._types.query_dsl.Query eq(me.ahoo.wow.api.query.Condition);|descriptor: (Lme/ahoo/wow/api/query/Condition;)Lco/elastic/clients/elasticsearch/_types/query_dsl/Query;
me.ahoo.wow.elasticsearch.query.AbstractElasticsearchConditionConverter#public co.elastic.clients.elasticsearch._types.query_dsl.Query exists(me.ahoo.wow.api.query.Condition);|descriptor: (Lme/ahoo/wow/api/query/Condition;)Lco/elastic/clients/elasticsearch/_types/query_dsl/Query;
me.ahoo.wow.elasticsearch.query.AbstractElasticsearchConditionConverter#public co.elastic.clients.elasticsearch._types.query_dsl.Query gt(me.ahoo.wow.api.query.Condition);|descriptor: (Lme/ahoo/wow/api/query/Condition;)Lco/elastic/clients/elasticsearch/_types/query_dsl/Query;
me.ahoo.wow.elasticsearch.query.AbstractElasticsearchConditionConverter#public co.elastic.clients.elasticsearch._types.query_dsl.Query gte(me.ahoo.wow.api.query.Condition);|descriptor: (Lme/ahoo/wow/api/query/Condition;)Lco/elastic/clients/elasticsearch/_types/query_dsl/Query;
me.ahoo.wow.elasticsearch.query.AbstractElasticsearchConditionConverter#public co.elastic.clients.elasticsearch._types.query_dsl.Query id(me.ahoo.wow.api.query.Condition);|descriptor: (Lme/ahoo/wow/api/query/Condition;)Lco/elastic/clients/elasticsearch/_types/query_dsl/Query;
me.ahoo.wow.elasticsearch.query.AbstractElasticsearchConditionConverter#public co.elastic.clients.elasticsearch._types.query_dsl.Query ids(me.ahoo.wow.api.query.Condition);|descriptor: (Lme/ahoo/wow/api/query/Condition;)Lco/elastic/clients/elasticsearch/_types/query_dsl/Query;
me.ahoo.wow.elasticsearch.query.AbstractElasticsearchConditionConverter#public co.elastic.clients.elasticsearch._types.query_dsl.Query isFalse(me.ahoo.wow.api.query.Condition);|descriptor: (Lme/ahoo/wow/api/query/Condition;)Lco/elastic/clients/elasticsearch/_types/query_dsl/Query;
me.ahoo.wow.elasticsearch.query.AbstractElasticsearchConditionConverter#public co.elastic.clients.elasticsearch._types.query_dsl.Query isIn(me.ahoo.wow.api.query.Condition);|descriptor: (Lme/ahoo/wow/api/query/Condition;)Lco/elastic/clients/elasticsearch/_types/query_dsl/Query;
me.ahoo.wow.elasticsearch.query.AbstractElasticsearchConditionConverter#public co.elastic.clients.elasticsearch._types.query_dsl.Query isNull(me.ahoo.wow.api.query.Condition);|descriptor: (Lme/ahoo/wow/api/query/Condition;)Lco/elastic/clients/elasticsearch/_types/query_dsl/Query;
me.ahoo.wow.elasticsearch.query.AbstractElasticsearchConditionConverter#public co.elastic.clients.elasticsearch._types.query_dsl.Query isTrue(me.ahoo.wow.api.query.Condition);|descriptor: (Lme/ahoo/wow/api/query/Condition;)Lco/elastic/clients/elasticsearch/_types/query_dsl/Query;
me.ahoo.wow.elasticsearch.query.AbstractElasticsearchConditionConverter#public co.elastic.clients.elasticsearch._types.query_dsl.Query lt(me.ahoo.wow.api.query.Condition);|descriptor: (Lme/ahoo/wow/api/query/Condition;)Lco/elastic/clients/elasticsearch/_types/query_dsl/Query;
me.ahoo.wow.elasticsearch.query.AbstractElasticsearchConditionConverter#public co.elastic.clients.elasticsearch._types.query_dsl.Query lte(me.ahoo.wow.api.query.Condition);|descriptor: (Lme/ahoo/wow/api/query/Condition;)Lco/elastic/clients/elasticsearch/_types/query_dsl/Query;
me.ahoo.wow.elasticsearch.query.AbstractElasticsearchConditionConverter#public co.elastic.clients.elasticsearch._types.query_dsl.Query match(me.ahoo.wow.api.query.Condition);|descriptor: (Lme/ahoo/wow/api/query/Condition;)Lco/elastic/clients/elasticsearch/_types/query_dsl/Query;
me.ahoo.wow.elasticsearch.query.AbstractElasticsearchConditionConverter#public co.elastic.clients.elasticsearch._types.query_dsl.Query ne(me.ahoo.wow.api.query.Condition);|descriptor: (Lme/ahoo/wow/api/query/Condition;)Lco/elastic/clients/elasticsearch/_types/query_dsl/Query;
me.ahoo.wow.elasticsearch.query.AbstractElasticsearchConditionConverter#public co.elastic.clients.elasticsearch._types.query_dsl.Query nor(me.ahoo.wow.api.query.Condition);|descriptor: (Lme/ahoo/wow/api/query/Condition;)Lco/elastic/clients/elasticsearch/_types/query_dsl/Query;
me.ahoo.wow.elasticsearch.query.AbstractElasticsearchConditionConverter#public co.elastic.clients.elasticsearch._types.query_dsl.Query notIn(me.ahoo.wow.api.query.Condition);|descriptor: (Lme/ahoo/wow/api/query/Condition;)Lco/elastic/clients/elasticsearch/_types/query_dsl/Query;
me.ahoo.wow.elasticsearch.query.AbstractElasticsearchConditionConverter#public co.elastic.clients.elasticsearch._types.query_dsl.Query notNull(me.ahoo.wow.api.query.Condition);|descriptor: (Lme/ahoo/wow/api/query/Condition;)Lco/elastic/clients/elasticsearch/_types/query_dsl/Query;
me.ahoo.wow.elasticsearch.query.AbstractElasticsearchConditionConverter#public co.elastic.clients.elasticsearch._types.query_dsl.Query or(me.ahoo.wow.api.query.Condition);|descriptor: (Lme/ahoo/wow/api/query/Condition;)Lco/elastic/clients/elasticsearch/_types/query_dsl/Query;
me.ahoo.wow.elasticsearch.query.AbstractElasticsearchConditionConverter#public co.elastic.clients.elasticsearch._types.query_dsl.Query ownerId(me.ahoo.wow.api.query.Condition);|descriptor: (Lme/ahoo/wow/api/query/Condition;)Lco/elastic/clients/elasticsearch/_types/query_dsl/Query;
me.ahoo.wow.elasticsearch.query.AbstractElasticsearchConditionConverter#public co.elastic.clients.elasticsearch._types.query_dsl.Query raw(me.ahoo.wow.api.query.Condition);|descriptor: (Lme/ahoo/wow/api/query/Condition;)Lco/elastic/clients/elasticsearch/_types/query_dsl/Query;
me.ahoo.wow.elasticsearch.query.AbstractElasticsearchConditionConverter#public co.elastic.clients.elasticsearch._types.query_dsl.Query spaceId(me.ahoo.wow.api.query.Condition);|descriptor: (Lme/ahoo/wow/api/query/Condition;)Lco/elastic/clients/elasticsearch/_types/query_dsl/Query;
me.ahoo.wow.elasticsearch.query.AbstractElasticsearchConditionConverter#public co.elastic.clients.elasticsearch._types.query_dsl.Query startsWith(me.ahoo.wow.api.query.Condition);|descriptor: (Lme/ahoo/wow/api/query/Condition;)Lco/elastic/clients/elasticsearch/_types/query_dsl/Query;
me.ahoo.wow.elasticsearch.query.AbstractElasticsearchConditionConverter#public co.elastic.clients.elasticsearch._types.query_dsl.Query tenantId(me.ahoo.wow.api.query.Condition);|descriptor: (Lme/ahoo/wow/api/query/Condition;)Lco/elastic/clients/elasticsearch/_types/query_dsl/Query;
me.ahoo.wow.elasticsearch.query.AbstractElasticsearchConditionConverter#public java.lang.Object all(me.ahoo.wow.api.query.Condition);|descriptor: (Lme/ahoo/wow/api/query/Condition;)Ljava/lang/Object;
me.ahoo.wow.elasticsearch.query.AbstractElasticsearchConditionConverter#public java.lang.Object allIn(me.ahoo.wow.api.query.Condition);|descriptor: (Lme/ahoo/wow/api/query/Condition;)Ljava/lang/Object;
me.ahoo.wow.elasticsearch.query.AbstractElasticsearchConditionConverter#public java.lang.Object and(me.ahoo.wow.api.query.Condition);|descriptor: (Lme/ahoo/wow/api/query/Condition;)Ljava/lang/Object;
me.ahoo.wow.elasticsearch.query.AbstractElasticsearchConditionConverter#public java.lang.Object between(me.ahoo.wow.api.query.Condition);|descriptor: (Lme/ahoo/wow/api/query/Condition;)Ljava/lang/Object;
me.ahoo.wow.elasticsearch.query.AbstractElasticsearchConditionConverter#public java.lang.Object contains(me.ahoo.wow.api.query.Condition);|descriptor: (Lme/ahoo/wow/api/query/Condition;)Ljava/lang/Object;
me.ahoo.wow.elasticsearch.query.AbstractElasticsearchConditionConverter#public java.lang.Object deleted(me.ahoo.wow.api.query.Condition);|descriptor: (Lme/ahoo/wow/api/query/Condition;)Ljava/lang/Object;
me.ahoo.wow.elasticsearch.query.AbstractElasticsearchConditionConverter#public java.lang.Object elemMatch(me.ahoo.wow.api.query.Condition);|descriptor: (Lme/ahoo/wow/api/query/Condition;)Ljava/lang/Object;
me.ahoo.wow.elasticsearch.query.AbstractElasticsearchConditionConverter#public java.lang.Object endsWith(me.ahoo.wow.api.query.Condition);|descriptor: (Lme/ahoo/wow/api/query/Condition;)Ljava/lang/Object;
me.ahoo.wow.elasticsearch.query.AbstractElasticsearchConditionConverter#public java.lang.Object eq(me.ahoo.wow.api.query.Condition);|descriptor: (Lme/ahoo/wow/api/query/Condition;)Ljava/lang/Object;
me.ahoo.wow.elasticsearch.query.AbstractElasticsearchConditionConverter#public java.lang.Object exists(me.ahoo.wow.api.query.Condition);|descriptor: (Lme/ahoo/wow/api/query/Condition;)Ljava/lang/Object;
me.ahoo.wow.elasticsearch.query.AbstractElasticsearchConditionConverter#public java.lang.Object gt(me.ahoo.wow.api.query.Condition);|descriptor: (Lme/ahoo/wow/api/query/Condition;)Ljava/lang/Object;
me.ahoo.wow.elasticsearch.query.AbstractElasticsearchConditionConverter#public java.lang.Object gte(me.ahoo.wow.api.query.Condition);|descriptor: (Lme/ahoo/wow/api/query/Condition;)Ljava/lang/Object;
me.ahoo.wow.elasticsearch.query.AbstractElasticsearchConditionConverter#public java.lang.Object id(me.ahoo.wow.api.query.Condition);|descriptor: (Lme/ahoo/wow/api/query/Condition;)Ljava/lang/Object;
me.ahoo.wow.elasticsearch.query.AbstractElasticsearchConditionConverter#public java.lang.Object ids(me.ahoo.wow.api.query.Condition);|descriptor: (Lme/ahoo/wow/api/query/Condition;)Ljava/lang/Object;
me.ahoo.wow.elasticsearch.query.AbstractElasticsearchConditionConverter#public java.lang.Object isFalse(me.ahoo.wow.api.query.Condition);|descriptor: (Lme/ahoo/wow/api/query/Condition;)Ljava/lang/Object;
me.ahoo.wow.elasticsearch.query.AbstractElasticsearchConditionConverter#public java.lang.Object isIn(me.ahoo.wow.api.query.Condition);|descriptor: (Lme/ahoo/wow/api/query/Condition;)Ljava/lang/Object;
me.ahoo.wow.elasticsearch.query.AbstractElasticsearchConditionConverter#public java.lang.Object isNull(me.ahoo.wow.api.query.Condition);|descriptor: (Lme/ahoo/wow/api/query/Condition;)Ljava/lang/Object;
me.ahoo.wow.elasticsearch.query.AbstractElasticsearchConditionConverter#public java.lang.Object isTrue(me.ahoo.wow.api.query.Condition);|descriptor: (Lme/ahoo/wow/api/query/Condition;)Ljava/lang/Object;
me.ahoo.wow.elasticsearch.query.AbstractElasticsearchConditionConverter#public java.lang.Object lt(me.ahoo.wow.api.query.Condition);|descriptor: (Lme/ahoo/wow/api/query/Condition;)Ljava/lang/Object;
me.ahoo.wow.elasticsearch.query.AbstractElasticsearchConditionConverter#public java.lang.Object lte(me.ahoo.wow.api.query.Condition);|descriptor: (Lme/ahoo/wow/api/query/Condition;)Ljava/lang/Object;
me.ahoo.wow.elasticsearch.query.AbstractElasticsearchConditionConverter#public java.lang.Object match(me.ahoo.wow.api.query.Condition);|descriptor: (Lme/ahoo/wow/api/query/Condition;)Ljava/lang/Object;
me.ahoo.wow.elasticsearch.query.AbstractElasticsearchConditionConverter#public java.lang.Object ne(me.ahoo.wow.api.query.Condition);|descriptor: (Lme/ahoo/wow/api/query/Condition;)Ljava/lang/Object;
me.ahoo.wow.elasticsearch.query.AbstractElasticsearchConditionConverter#public java.lang.Object nor(me.ahoo.wow.api.query.Condition);|descriptor: (Lme/ahoo/wow/api/query/Condition;)Ljava/lang/Object;
me.ahoo.wow.elasticsearch.query.AbstractElasticsearchConditionConverter#public java.lang.Object notIn(me.ahoo.wow.api.query.Condition);|descriptor: (Lme/ahoo/wow/api/query/Condition;)Ljava/lang/Object;
me.ahoo.wow.elasticsearch.query.AbstractElasticsearchConditionConverter#public java.lang.Object notNull(me.ahoo.wow.api.query.Condition);|descriptor: (Lme/ahoo/wow/api/query/Condition;)Ljava/lang/Object;
me.ahoo.wow.elasticsearch.query.AbstractElasticsearchConditionConverter#public java.lang.Object or(me.ahoo.wow.api.query.Condition);|descriptor: (Lme/ahoo/wow/api/query/Condition;)Ljava/lang/Object;
me.ahoo.wow.elasticsearch.query.AbstractElasticsearchConditionConverter#public java.lang.Object ownerId(me.ahoo.wow.api.query.Condition);|descriptor: (Lme/ahoo/wow/api/query/Condition;)Ljava/lang/Object;
me.ahoo.wow.elasticsearch.query.AbstractElasticsearchConditionConverter#public java.lang.Object raw(me.ahoo.wow.api.query.Condition);|descriptor: (Lme/ahoo/wow/api/query/Condition;)Ljava/lang/Object;
me.ahoo.wow.elasticsearch.query.AbstractElasticsearchConditionConverter#public java.lang.Object spaceId(me.ahoo.wow.api.query.Condition);|descriptor: (Lme/ahoo/wow/api/query/Condition;)Ljava/lang/Object;
me.ahoo.wow.elasticsearch.query.AbstractElasticsearchConditionConverter#public java.lang.Object startsWith(me.ahoo.wow.api.query.Condition);|descriptor: (Lme/ahoo/wow/api/query/Condition;)Ljava/lang/Object;
me.ahoo.wow.elasticsearch.query.AbstractElasticsearchConditionConverter#public java.lang.Object tenantId(me.ahoo.wow.api.query.Condition);|descriptor: (Lme/ahoo/wow/api/query/Condition;)Ljava/lang/Object;
me.ahoo.wow.elasticsearch.query.AbstractElasticsearchConditionConverter#public me.ahoo.wow.elasticsearch.query.AbstractElasticsearchConditionConverter();|descriptor: ()V
me.ahoo.wow.elasticsearch.query.AbstractElasticsearchQueryService#class|public abstract class me.ahoo.wow.elasticsearch.query.AbstractElasticsearchQueryService<R> implements me.ahoo.wow.query.QueryService<R> {
me.ahoo.wow.elasticsearch.query.AbstractElasticsearchQueryService#public abstract R toTypedResult(me.ahoo.wow.api.query.DynamicDocument);|descriptor: (Lme/ahoo/wow/api/query/DynamicDocument;)Ljava/lang/Object;
me.ahoo.wow.elasticsearch.query.AbstractElasticsearchQueryService#public abstract java.lang.String getIndexName();|descriptor: ()Ljava/lang/String;
me.ahoo.wow.elasticsearch.query.AbstractElasticsearchQueryService#public abstract me.ahoo.wow.query.converter.ConditionConverter<co.elastic.clients.elasticsearch._types.query_dsl.Query> getConditionConverter();|descriptor: ()Lme/ahoo/wow/query/converter/ConditionConverter;
me.ahoo.wow.elasticsearch.query.AbstractElasticsearchQueryService#public abstract org.springframework.data.elasticsearch.client.elc.ReactiveElasticsearchClient getElasticsearchClient();|descriptor: ()Lorg/springframework/data/elasticsearch/client/elc/ReactiveElasticsearchClient;
me.ahoo.wow.elasticsearch.query.AbstractElasticsearchQueryService#public boolean isSameAggregateName(me.ahoo.wow.api.modeling.NamedAggregate);|descriptor: (Lme/ahoo/wow/api/modeling/NamedAggregate;)Z
me.ahoo.wow.elasticsearch.query.AbstractElasticsearchQueryService#public boolean isSameBoundedContext(me.ahoo.wow.api.naming.NamedBoundedContext);|descriptor: (Lme/ahoo/wow/api/naming/NamedBoundedContext;)Z
me.ahoo.wow.elasticsearch.query.AbstractElasticsearchQueryService#public java.lang.String getAggregateName();|descriptor: ()Ljava/lang/String;
me.ahoo.wow.elasticsearch.query.AbstractElasticsearchQueryService#public java.lang.String getContextName();|descriptor: ()Ljava/lang/String;
me.ahoo.wow.elasticsearch.query.AbstractElasticsearchQueryService#public me.ahoo.wow.elasticsearch.query.AbstractElasticsearchQueryService();|descriptor: ()V
me.ahoo.wow.elasticsearch.query.AbstractElasticsearchQueryService#public reactor.core.publisher.Flux<R> list(me.ahoo.wow.api.query.IListQuery);|descriptor: (Lme/ahoo/wow/api/query/IListQuery;)Lreactor/core/publisher/Flux;
me.ahoo.wow.elasticsearch.query.AbstractElasticsearchQueryService#public reactor.core.publisher.Flux<me.ahoo.wow.api.query.DynamicDocument> dynamicList(me.ahoo.wow.api.query.IListQuery);|descriptor: (Lme/ahoo/wow/api/query/IListQuery;)Lreactor/core/publisher/Flux;
me.ahoo.wow.elasticsearch.query.AbstractElasticsearchQueryService#public reactor.core.publisher.Mono<R> single(me.ahoo.wow.api.query.ISingleQuery);|descriptor: (Lme/ahoo/wow/api/query/ISingleQuery;)Lreactor/core/publisher/Mono;
me.ahoo.wow.elasticsearch.query.AbstractElasticsearchQueryService#public reactor.core.publisher.Mono<java.lang.Long> count(me.ahoo.wow.api.query.Condition);|descriptor: (Lme/ahoo/wow/api/query/Condition;)Lreactor/core/publisher/Mono;
me.ahoo.wow.elasticsearch.query.AbstractElasticsearchQueryService#public reactor.core.publisher.Mono<me.ahoo.wow.api.query.DynamicDocument> dynamicSingle(me.ahoo.wow.api.query.ISingleQuery);|descriptor: (Lme/ahoo/wow/api/query/ISingleQuery;)Lreactor/core/publisher/Mono;
me.ahoo.wow.elasticsearch.query.AbstractElasticsearchQueryService#public reactor.core.publisher.Mono<me.ahoo.wow.api.query.PagedList<R>> paged(me.ahoo.wow.api.query.IPagedQuery);|descriptor: (Lme/ahoo/wow/api/query/IPagedQuery;)Lreactor/core/publisher/Mono;
me.ahoo.wow.elasticsearch.query.AbstractElasticsearchQueryService#public reactor.core.publisher.Mono<me.ahoo.wow.api.query.PagedList<me.ahoo.wow.api.query.DynamicDocument>> dynamicPaged(me.ahoo.wow.api.query.IPagedQuery);|descriptor: (Lme/ahoo/wow/api/query/IPagedQuery;)Lreactor/core/publisher/Mono;
me.ahoo.wow.elasticsearch.query.ElasticsearchProjectionConverter#class|public final class me.ahoo.wow.elasticsearch.query.ElasticsearchProjectionConverter implements me.ahoo.wow.query.converter.ProjectionConverter<co.elastic.clients.elasticsearch.core.search.SourceFilter> {
me.ahoo.wow.elasticsearch.query.ElasticsearchProjectionConverter#public co.elastic.clients.elasticsearch.core.search.SourceFilter convert(me.ahoo.wow.api.query.Projection);|descriptor: (Lme/ahoo/wow/api/query/Projection;)Lco/elastic/clients/elasticsearch/core/search/SourceFilter;
me.ahoo.wow.elasticsearch.query.ElasticsearchProjectionConverter#public final co.elastic.clients.elasticsearch.core.search.SourceFilter toSourceFilter(me.ahoo.wow.api.query.Projection);|descriptor: (Lme/ahoo/wow/api/query/Projection;)Lco/elastic/clients/elasticsearch/core/search/SourceFilter;
me.ahoo.wow.elasticsearch.query.ElasticsearchProjectionConverter#public java.lang.Object convert(me.ahoo.wow.api.query.Projection);|descriptor: (Lme/ahoo/wow/api/query/Projection;)Ljava/lang/Object;
me.ahoo.wow.elasticsearch.query.ElasticsearchProjectionConverter#public static final me.ahoo.wow.elasticsearch.query.ElasticsearchProjectionConverter INSTANCE;|descriptor: Lme/ahoo/wow/elasticsearch/query/ElasticsearchProjectionConverter;
me.ahoo.wow.elasticsearch.query.ElasticsearchSortConverter#class|public final class me.ahoo.wow.elasticsearch.query.ElasticsearchSortConverter implements me.ahoo.wow.query.converter.SortConverter<java.util.List<? extends co.elastic.clients.elasticsearch._types.SortOptions>> {
me.ahoo.wow.elasticsearch.query.ElasticsearchSortConverter#public final co.elastic.clients.elasticsearch._types.SortOrder toSortOrder(me.ahoo.wow.api.query.Sort$Direction);|descriptor: (Lme/ahoo/wow/api/query/Sort$Direction;)Lco/elastic/clients/elasticsearch/_types/SortOrder;
me.ahoo.wow.elasticsearch.query.ElasticsearchSortConverter#public final java.util.List<co.elastic.clients.elasticsearch._types.SortOptions> toSortOptions(java.util.List<me.ahoo.wow.api.query.Sort>);|descriptor: (Ljava/util/List;)Ljava/util/List;
me.ahoo.wow.elasticsearch.query.ElasticsearchSortConverter#public java.lang.Object convert(java.util.List);|descriptor: (Ljava/util/List;)Ljava/lang/Object;
me.ahoo.wow.elasticsearch.query.ElasticsearchSortConverter#public java.util.List<co.elastic.clients.elasticsearch._types.SortOptions> convert(java.util.List<me.ahoo.wow.api.query.Sort>);|descriptor: (Ljava/util/List;)Ljava/util/List;
me.ahoo.wow.elasticsearch.query.ElasticsearchSortConverter#public static final me.ahoo.wow.elasticsearch.query.ElasticsearchSortConverter INSTANCE;|descriptor: Lme/ahoo/wow/elasticsearch/query/ElasticsearchSortConverter;
me.ahoo.wow.elasticsearch.query.ListQueriesKt#class|public final class me.ahoo.wow.elasticsearch.query.ListQueriesKt {
me.ahoo.wow.elasticsearch.query.ListQueriesKt#public static final int UNLIMITED_SIZE;|descriptor: I
me.ahoo.wow.elasticsearch.query.ListQueriesKt#public static final int searchSize(int);|descriptor: (I)I
me.ahoo.wow.elasticsearch.query.backend.ElasticsearchNativeQueryTemplate#class|public interface me.ahoo.wow.elasticsearch.query.backend.ElasticsearchNativeQueryTemplate {
me.ahoo.wow.elasticsearch.query.backend.ElasticsearchNativeQueryTemplate#public abstract co.elastic.clients.elasticsearch._types.query_dsl.Query build(java.util.Map<java.lang.String, ? extends me.ahoo.wow.api.query.expression.QueryValue>);|descriptor: (Ljava/util/Map;)Lco/elastic/clients/elasticsearch/_types/query_dsl/Query;
me.ahoo.wow.elasticsearch.query.backend.ElasticsearchNativeQueryTemplateRegistry#class|public final class me.ahoo.wow.elasticsearch.query.backend.ElasticsearchNativeQueryTemplateRegistry {
me.ahoo.wow.elasticsearch.query.backend.ElasticsearchNativeQueryTemplateRegistry#public final me.ahoo.wow.elasticsearch.query.backend.ElasticsearchNativeQueryTemplate template(java.lang.String);|descriptor: (Ljava/lang/String;)Lme/ahoo/wow/elasticsearch/query/backend/ElasticsearchNativeQueryTemplate;
me.ahoo.wow.elasticsearch.query.backend.ElasticsearchNativeQueryTemplateRegistry#public java.lang.String toString();|descriptor: ()Ljava/lang/String;
me.ahoo.wow.elasticsearch.query.backend.ElasticsearchNativeQueryTemplateRegistry#public me.ahoo.wow.elasticsearch.query.backend.ElasticsearchNativeQueryTemplateRegistry();|descriptor: ()V
me.ahoo.wow.elasticsearch.query.backend.ElasticsearchNativeQueryTemplateRegistry#public me.ahoo.wow.elasticsearch.query.backend.ElasticsearchNativeQueryTemplateRegistry(java.util.Map, int, kotlin.jvm.internal.DefaultConstructorMarker);|descriptor: (Ljava/util/Map;ILkotlin/jvm/internal/DefaultConstructorMarker;)V
me.ahoo.wow.elasticsearch.query.backend.ElasticsearchNativeQueryTemplateRegistry#public me.ahoo.wow.elasticsearch.query.backend.ElasticsearchNativeQueryTemplateRegistry(java.util.Map<java.lang.String, ? extends me.ahoo.wow.elasticsearch.query.backend.ElasticsearchNativeQueryTemplate>);|descriptor: (Ljava/util/Map;)V
me.ahoo.wow.elasticsearch.query.backend.ElasticsearchQueryBackendFactory#class|public final class me.ahoo.wow.elasticsearch.query.backend.ElasticsearchQueryBackendFactory implements me.ahoo.wow.query.backend.QueryBackendFactory {
me.ahoo.wow.elasticsearch.query.backend.ElasticsearchQueryBackendFactory#public me.ahoo.wow.elasticsearch.query.backend.ElasticsearchQueryBackendFactory(org.springframework.data.elasticsearch.client.elc.ReactiveElasticsearchClient);|descriptor: (Lorg/springframework/data/elasticsearch/client/elc/ReactiveElasticsearchClient;)V
me.ahoo.wow.elasticsearch.query.backend.ElasticsearchQueryBackendFactory#public me.ahoo.wow.elasticsearch.query.backend.ElasticsearchQueryBackendFactory(org.springframework.data.elasticsearch.client.elc.ReactiveElasticsearchClient, me.ahoo.wow.elasticsearch.query.backend.ElasticsearchNativeQueryTemplateRegistry);|descriptor: (Lorg/springframework/data/elasticsearch/client/elc/ReactiveElasticsearchClient;Lme/ahoo/wow/elasticsearch/query/backend/ElasticsearchNativeQueryTemplateRegistry;)V
me.ahoo.wow.elasticsearch.query.backend.ElasticsearchQueryBackendFactory#public me.ahoo.wow.elasticsearch.query.backend.ElasticsearchQueryBackendFactory(org.springframework.data.elasticsearch.client.elc.ReactiveElasticsearchClient, me.ahoo.wow.elasticsearch.query.backend.ElasticsearchNativeQueryTemplateRegistry, me.ahoo.wow.query.validation.QueryBudgetLimit);|descriptor: (Lorg/springframework/data/elasticsearch/client/elc/ReactiveElasticsearchClient;Lme/ahoo/wow/elasticsearch/query/backend/ElasticsearchNativeQueryTemplateRegistry;Lme/ahoo/wow/query/validation/QueryBudgetLimit;)V
me.ahoo.wow.elasticsearch.query.backend.ElasticsearchQueryBackendFactory#public me.ahoo.wow.elasticsearch.query.backend.ElasticsearchQueryBackendFactory(org.springframework.data.elasticsearch.client.elc.ReactiveElasticsearchClient, me.ahoo.wow.elasticsearch.query.backend.ElasticsearchNativeQueryTemplateRegistry, me.ahoo.wow.query.validation.QueryBudgetLimit, int, kotlin.jvm.internal.DefaultConstructorMarker);|descriptor: (Lorg/springframework/data/elasticsearch/client/elc/ReactiveElasticsearchClient;Lme/ahoo/wow/elasticsearch/query/backend/ElasticsearchNativeQueryTemplateRegistry;Lme/ahoo/wow/query/validation/QueryBudgetLimit;ILkotlin/jvm/internal/DefaultConstructorMarker;)V
me.ahoo.wow.elasticsearch.query.backend.ElasticsearchQueryBackendFactory#public me.ahoo.wow.query.backend.QueryBackend bind(me.ahoo.wow.query.backend.QueryBackendResolutionContext);|descriptor: (Lme/ahoo/wow/query/backend/QueryBackendResolutionContext;)Lme/ahoo/wow/query/backend/QueryBackend;
me.ahoo.wow.elasticsearch.query.backend.ElasticsearchQueryBackendFactory#public static final java.lang.String BACKEND_ID;|descriptor: Ljava/lang/String;
me.ahoo.wow.elasticsearch.query.backend.ElasticsearchQueryBackendFactory#public static final java.lang.String FULL_TEXT_CAPABILITY;|descriptor: Ljava/lang/String;
me.ahoo.wow.elasticsearch.query.backend.ElasticsearchQueryBackendFactory#public static final java.lang.String NATIVE_CAPABILITY;|descriptor: Ljava/lang/String;
me.ahoo.wow.elasticsearch.query.backend.ElasticsearchQueryBackendFactory#public static final me.ahoo.wow.elasticsearch.query.backend.ElasticsearchQueryBackendFactory$Companion Companion;|descriptor: Lme/ahoo/wow/elasticsearch/query/backend/ElasticsearchQueryBackendFactory$Companion;
me.ahoo.wow.elasticsearch.query.event.ElasticsearchEventStreamQueryService#class|public final class me.ahoo.wow.elasticsearch.query.event.ElasticsearchEventStreamQueryService extends me.ahoo.wow.elasticsearch.query.AbstractElasticsearchQueryService<me.ahoo.wow.event.DomainEventStream> implements me.ahoo.wow.query.event.EventStreamQueryService {
me.ahoo.wow.elasticsearch.query.event.ElasticsearchEventStreamQueryService#public java.lang.Object toTypedResult(me.ahoo.wow.api.query.DynamicDocument);|descriptor: (Lme/ahoo/wow/api/query/DynamicDocument;)Ljava/lang/Object;
me.ahoo.wow.elasticsearch.query.event.ElasticsearchEventStreamQueryService#public java.lang.String getIndexName();|descriptor: ()Ljava/lang/String;
me.ahoo.wow.elasticsearch.query.event.ElasticsearchEventStreamQueryService#public me.ahoo.wow.api.modeling.NamedAggregate getNamedAggregate();|descriptor: ()Lme/ahoo/wow/api/modeling/NamedAggregate;
me.ahoo.wow.elasticsearch.query.event.ElasticsearchEventStreamQueryService#public me.ahoo.wow.elasticsearch.query.event.ElasticsearchEventStreamQueryService(me.ahoo.wow.api.modeling.NamedAggregate, org.springframework.data.elasticsearch.client.elc.ReactiveElasticsearchClient, me.ahoo.wow.query.converter.ConditionConverter, int, kotlin.jvm.internal.DefaultConstructorMarker);|descriptor: (Lme/ahoo/wow/api/modeling/NamedAggregate;Lorg/springframework/data/elasticsearch/client/elc/ReactiveElasticsearchClient;Lme/ahoo/wow/query/converter/ConditionConverter;ILkotlin/jvm/internal/DefaultConstructorMarker;)V
me.ahoo.wow.elasticsearch.query.event.ElasticsearchEventStreamQueryService#public me.ahoo.wow.elasticsearch.query.event.ElasticsearchEventStreamQueryService(me.ahoo.wow.api.modeling.NamedAggregate, org.springframework.data.elasticsearch.client.elc.ReactiveElasticsearchClient, me.ahoo.wow.query.converter.ConditionConverter<co.elastic.clients.elasticsearch._types.query_dsl.Query>);|descriptor: (Lme/ahoo/wow/api/modeling/NamedAggregate;Lorg/springframework/data/elasticsearch/client/elc/ReactiveElasticsearchClient;Lme/ahoo/wow/query/converter/ConditionConverter;)V
me.ahoo.wow.elasticsearch.query.event.ElasticsearchEventStreamQueryService#public me.ahoo.wow.event.DomainEventStream toTypedResult(me.ahoo.wow.api.query.DynamicDocument);|descriptor: (Lme/ahoo/wow/api/query/DynamicDocument;)Lme/ahoo/wow/event/DomainEventStream;
me.ahoo.wow.elasticsearch.query.event.ElasticsearchEventStreamQueryService#public me.ahoo.wow.query.converter.ConditionConverter<co.elastic.clients.elasticsearch._types.query_dsl.Query> getConditionConverter();|descriptor: ()Lme/ahoo/wow/query/converter/ConditionConverter;
me.ahoo.wow.elasticsearch.query.event.ElasticsearchEventStreamQueryService#public org.springframework.data.elasticsearch.client.elc.ReactiveElasticsearchClient getElasticsearchClient();|descriptor: ()Lorg/springframework/data/elasticsearch/client/elc/ReactiveElasticsearchClient;
me.ahoo.wow.elasticsearch.query.event.ElasticsearchEventStreamQueryServiceFactory#class|public final class me.ahoo.wow.elasticsearch.query.event.ElasticsearchEventStreamQueryServiceFactory extends me.ahoo.wow.query.event.AbstractEventStreamQueryServiceFactory {
me.ahoo.wow.elasticsearch.query.event.ElasticsearchEventStreamQueryServiceFactory#protected me.ahoo.wow.query.event.EventStreamQueryService createQueryService(me.ahoo.wow.api.modeling.NamedAggregate);|descriptor: (Lme/ahoo/wow/api/modeling/NamedAggregate;)Lme/ahoo/wow/query/event/EventStreamQueryService;
me.ahoo.wow.elasticsearch.query.event.ElasticsearchEventStreamQueryServiceFactory#public me.ahoo.wow.elasticsearch.query.event.ElasticsearchEventStreamQueryServiceFactory(org.springframework.data.elasticsearch.client.elc.ReactiveElasticsearchClient);|descriptor: (Lorg/springframework/data/elasticsearch/client/elc/ReactiveElasticsearchClient;)V
me.ahoo.wow.elasticsearch.query.event.EventStreamConditionConverter#class|public final class me.ahoo.wow.elasticsearch.query.event.EventStreamConditionConverter extends me.ahoo.wow.elasticsearch.query.AbstractElasticsearchConditionConverter {
me.ahoo.wow.elasticsearch.query.event.EventStreamConditionConverter#public co.elastic.clients.elasticsearch._types.query_dsl.Query aggregateId(me.ahoo.wow.api.query.Condition);|descriptor: (Lme/ahoo/wow/api/query/Condition;)Lco/elastic/clients/elasticsearch/_types/query_dsl/Query;
me.ahoo.wow.elasticsearch.query.event.EventStreamConditionConverter#public co.elastic.clients.elasticsearch._types.query_dsl.Query aggregateIds(me.ahoo.wow.api.query.Condition);|descriptor: (Lme/ahoo/wow/api/query/Condition;)Lco/elastic/clients/elasticsearch/_types/query_dsl/Query;
me.ahoo.wow.elasticsearch.query.event.EventStreamConditionConverter#public co.elastic.clients.elasticsearch._types.query_dsl.Query convert(me.ahoo.wow.api.query.Condition);|descriptor: (Lme/ahoo/wow/api/query/Condition;)Lco/elastic/clients/elasticsearch/_types/query_dsl/Query;
me.ahoo.wow.elasticsearch.query.event.EventStreamConditionConverter#public co.elastic.clients.elasticsearch._types.query_dsl.Query id(me.ahoo.wow.api.query.Condition);|descriptor: (Lme/ahoo/wow/api/query/Condition;)Lco/elastic/clients/elasticsearch/_types/query_dsl/Query;
me.ahoo.wow.elasticsearch.query.event.EventStreamConditionConverter#public co.elastic.clients.elasticsearch._types.query_dsl.Query ids(me.ahoo.wow.api.query.Condition);|descriptor: (Lme/ahoo/wow/api/query/Condition;)Lco/elastic/clients/elasticsearch/_types/query_dsl/Query;
me.ahoo.wow.elasticsearch.query.event.EventStreamConditionConverter#public java.lang.Object aggregateId(me.ahoo.wow.api.query.Condition);|descriptor: (Lme/ahoo/wow/api/query/Condition;)Ljava/lang/Object;
me.ahoo.wow.elasticsearch.query.event.EventStreamConditionConverter#public java.lang.Object aggregateIds(me.ahoo.wow.api.query.Condition);|descriptor: (Lme/ahoo/wow/api/query/Condition;)Ljava/lang/Object;
me.ahoo.wow.elasticsearch.query.event.EventStreamConditionConverter#public java.lang.Object convert(me.ahoo.wow.api.query.Condition);|descriptor: (Lme/ahoo/wow/api/query/Condition;)Ljava/lang/Object;
me.ahoo.wow.elasticsearch.query.event.EventStreamConditionConverter#public java.lang.Object id(me.ahoo.wow.api.query.Condition);|descriptor: (Lme/ahoo/wow/api/query/Condition;)Ljava/lang/Object;
me.ahoo.wow.elasticsearch.query.event.EventStreamConditionConverter#public java.lang.Object ids(me.ahoo.wow.api.query.Condition);|descriptor: (Lme/ahoo/wow/api/query/Condition;)Ljava/lang/Object;
me.ahoo.wow.elasticsearch.query.event.EventStreamConditionConverter#public static final me.ahoo.wow.elasticsearch.query.event.EventStreamConditionConverter INSTANCE;|descriptor: Lme/ahoo/wow/elasticsearch/query/event/EventStreamConditionConverter;
me.ahoo.wow.elasticsearch.query.snapshot.ElasticsearchSnapshotQueryService#class|public final class me.ahoo.wow.elasticsearch.query.snapshot.ElasticsearchSnapshotQueryService<S> extends me.ahoo.wow.elasticsearch.query.AbstractElasticsearchQueryService<me.ahoo.wow.api.query.MaterializedSnapshot<S>> implements me.ahoo.wow.query.snapshot.SnapshotQueryService<S> {
me.ahoo.wow.elasticsearch.query.snapshot.ElasticsearchSnapshotQueryService#public java.lang.Object toTypedResult(me.ahoo.wow.api.query.DynamicDocument);|descriptor: (Lme/ahoo/wow/api/query/DynamicDocument;)Ljava/lang/Object;
me.ahoo.wow.elasticsearch.query.snapshot.ElasticsearchSnapshotQueryService#public java.lang.String getIndexName();|descriptor: ()Ljava/lang/String;
me.ahoo.wow.elasticsearch.query.snapshot.ElasticsearchSnapshotQueryService#public java.lang.String getName();|descriptor: ()Ljava/lang/String;
me.ahoo.wow.elasticsearch.query.snapshot.ElasticsearchSnapshotQueryService#public me.ahoo.wow.api.modeling.NamedAggregate getNamedAggregate();|descriptor: ()Lme/ahoo/wow/api/modeling/NamedAggregate;
me.ahoo.wow.elasticsearch.query.snapshot.ElasticsearchSnapshotQueryService#public me.ahoo.wow.api.query.MaterializedSnapshot<S> toTypedResult(me.ahoo.wow.api.query.DynamicDocument);|descriptor: (Lme/ahoo/wow/api/query/DynamicDocument;)Lme/ahoo/wow/api/query/MaterializedSnapshot;
me.ahoo.wow.elasticsearch.query.snapshot.ElasticsearchSnapshotQueryService#public me.ahoo.wow.elasticsearch.query.snapshot.ElasticsearchSnapshotQueryService(me.ahoo.wow.api.modeling.NamedAggregate, org.springframework.data.elasticsearch.client.elc.ReactiveElasticsearchClient, me.ahoo.wow.query.converter.ConditionConverter, int, kotlin.jvm.internal.DefaultConstructorMarker);|descriptor: (Lme/ahoo/wow/api/modeling/NamedAggregate;Lorg/springframework/data/elasticsearch/client/elc/ReactiveElasticsearchClient;Lme/ahoo/wow/query/converter/ConditionConverter;ILkotlin/jvm/internal/DefaultConstructorMarker;)V
me.ahoo.wow.elasticsearch.query.snapshot.ElasticsearchSnapshotQueryService#public me.ahoo.wow.elasticsearch.query.snapshot.ElasticsearchSnapshotQueryService(me.ahoo.wow.api.modeling.NamedAggregate, org.springframework.data.elasticsearch.client.elc.ReactiveElasticsearchClient, me.ahoo.wow.query.converter.ConditionConverter<co.elastic.clients.elasticsearch._types.query_dsl.Query>);|descriptor: (Lme/ahoo/wow/api/modeling/NamedAggregate;Lorg/springframework/data/elasticsearch/client/elc/ReactiveElasticsearchClient;Lme/ahoo/wow/query/converter/ConditionConverter;)V
me.ahoo.wow.elasticsearch.query.snapshot.ElasticsearchSnapshotQueryService#public me.ahoo.wow.query.converter.ConditionConverter<co.elastic.clients.elasticsearch._types.query_dsl.Query> getConditionConverter();|descriptor: ()Lme/ahoo/wow/query/converter/ConditionConverter;
me.ahoo.wow.elasticsearch.query.snapshot.ElasticsearchSnapshotQueryService#public org.springframework.data.elasticsearch.client.elc.ReactiveElasticsearchClient getElasticsearchClient();|descriptor: ()Lorg/springframework/data/elasticsearch/client/elc/ReactiveElasticsearchClient;
me.ahoo.wow.elasticsearch.query.snapshot.ElasticsearchSnapshotQueryServiceFactory#class|public final class me.ahoo.wow.elasticsearch.query.snapshot.ElasticsearchSnapshotQueryServiceFactory extends me.ahoo.wow.query.snapshot.AbstractSnapshotQueryServiceFactory {
me.ahoo.wow.elasticsearch.query.snapshot.ElasticsearchSnapshotQueryServiceFactory#protected me.ahoo.wow.query.snapshot.SnapshotQueryService<?> createQueryService(me.ahoo.wow.api.modeling.NamedAggregate);|descriptor: (Lme/ahoo/wow/api/modeling/NamedAggregate;)Lme/ahoo/wow/query/snapshot/SnapshotQueryService;
me.ahoo.wow.elasticsearch.query.snapshot.ElasticsearchSnapshotQueryServiceFactory#public me.ahoo.wow.elasticsearch.query.snapshot.ElasticsearchSnapshotQueryServiceFactory(org.springframework.data.elasticsearch.client.elc.ReactiveElasticsearchClient);|descriptor: (Lorg/springframework/data/elasticsearch/client/elc/ReactiveElasticsearchClient;)V
me.ahoo.wow.elasticsearch.query.snapshot.SnapshotConditionConverter#class|public final class me.ahoo.wow.elasticsearch.query.snapshot.SnapshotConditionConverter extends me.ahoo.wow.elasticsearch.query.AbstractElasticsearchConditionConverter {
me.ahoo.wow.elasticsearch.query.snapshot.SnapshotConditionConverter#public co.elastic.clients.elasticsearch._types.query_dsl.Query aggregateId(me.ahoo.wow.api.query.Condition);|descriptor: (Lme/ahoo/wow/api/query/Condition;)Lco/elastic/clients/elasticsearch/_types/query_dsl/Query;
me.ahoo.wow.elasticsearch.query.snapshot.SnapshotConditionConverter#public co.elastic.clients.elasticsearch._types.query_dsl.Query aggregateIds(me.ahoo.wow.api.query.Condition);|descriptor: (Lme/ahoo/wow/api/query/Condition;)Lco/elastic/clients/elasticsearch/_types/query_dsl/Query;
me.ahoo.wow.elasticsearch.query.snapshot.SnapshotConditionConverter#public java.lang.Object aggregateId(me.ahoo.wow.api.query.Condition);|descriptor: (Lme/ahoo/wow/api/query/Condition;)Ljava/lang/Object;
me.ahoo.wow.elasticsearch.query.snapshot.SnapshotConditionConverter#public java.lang.Object aggregateIds(me.ahoo.wow.api.query.Condition);|descriptor: (Lme/ahoo/wow/api/query/Condition;)Ljava/lang/Object;
me.ahoo.wow.elasticsearch.query.snapshot.SnapshotConditionConverter#public static final me.ahoo.wow.elasticsearch.query.snapshot.SnapshotConditionConverter INSTANCE;|descriptor: Lme/ahoo/wow/elasticsearch/query/snapshot/SnapshotConditionConverter;
