me.ahoo.wow.webflux.route.event.CountEventStreamHandlerFunctionFactory#class
me.ahoo.wow.webflux.route.event.CountEventStreamHandlerFunctionFactory#public me.ahoo.wow.webflux.route.event.CountEventStreamHandlerFunctionFactory(me.ahoo.wow.query.event.filter.EventStreamQueryHandler, me.ahoo.wow.webflux.route.query.RewriteRequestCondition, me.ahoo.wow.webflux.exception.RequestExceptionHandler);|descriptor: (Lme/ahoo/wow/query/event/filter/EventStreamQueryHandler;Lme/ahoo/wow/webflux/route/query/RewriteRequestCondition;Lme/ahoo/wow/webflux/exception/RequestExceptionHandler;)V
me.ahoo.wow.webflux.route.event.EventCompensateHandlerFunction#class
me.ahoo.wow.webflux.route.event.EventCompensateHandlerFunction#public me.ahoo.wow.webflux.route.event.EventCompensateHandlerFunction(me.ahoo.wow.modeling.metadata.AggregateMetadata<?, ?>, me.ahoo.wow.messaging.compensation.EventCompensateSupporter, me.ahoo.wow.webflux.exception.RequestExceptionHandler);|descriptor: (Lme/ahoo/wow/modeling/metadata/AggregateMetadata;Lme/ahoo/wow/messaging/compensation/EventCompensateSupporter;Lme/ahoo/wow/webflux/exception/RequestExceptionHandler;)V
me.ahoo.wow.webflux.route.event.EventCompensateHandlerFunction#public reactor.core.publisher.Mono<org.springframework.web.reactive.function.server.ServerResponse> handle(org.springframework.web.reactive.function.server.ServerRequest);|descriptor: (Lorg/springframework/web/reactive/function/server/ServerRequest;)Lreactor/core/publisher/Mono;
me.ahoo.wow.webflux.route.event.EventCompensateHandlerFunctionFactory#class
me.ahoo.wow.webflux.route.event.EventCompensateHandlerFunctionFactory#public me.ahoo.wow.webflux.route.event.EventCompensateHandlerFunctionFactory(me.ahoo.wow.messaging.compensation.EventCompensateSupporter, me.ahoo.wow.webflux.exception.RequestExceptionHandler);|descriptor: (Lme/ahoo/wow/messaging/compensation/EventCompensateSupporter;Lme/ahoo/wow/webflux/exception/RequestExceptionHandler;)V
me.ahoo.wow.webflux.route.event.ListQueryEventStreamHandlerFunctionFactory#class
me.ahoo.wow.webflux.route.event.ListQueryEventStreamHandlerFunctionFactory#public me.ahoo.wow.webflux.route.event.ListQueryEventStreamHandlerFunctionFactory(me.ahoo.wow.query.event.filter.EventStreamQueryHandler, me.ahoo.wow.webflux.route.query.RewriteRequestCondition, me.ahoo.wow.webflux.exception.RequestExceptionHandler);|descriptor: (Lme/ahoo/wow/query/event/filter/EventStreamQueryHandler;Lme/ahoo/wow/webflux/route/query/RewriteRequestCondition;Lme/ahoo/wow/webflux/exception/RequestExceptionHandler;)V
me.ahoo.wow.webflux.route.event.LoadEventStreamHandlerFunction#class
me.ahoo.wow.webflux.route.event.LoadEventStreamHandlerFunction#public me.ahoo.wow.webflux.route.event.LoadEventStreamHandlerFunction(me.ahoo.wow.modeling.metadata.AggregateMetadata<?, ?>, me.ahoo.wow.query.event.filter.EventStreamQueryHandler, me.ahoo.wow.webflux.exception.RequestExceptionHandler);|descriptor: (Lme/ahoo/wow/modeling/metadata/AggregateMetadata;Lme/ahoo/wow/query/event/filter/EventStreamQueryHandler;Lme/ahoo/wow/webflux/exception/RequestExceptionHandler;)V
me.ahoo.wow.webflux.route.event.LoadEventStreamHandlerFunction#public reactor.core.publisher.Mono<org.springframework.web.reactive.function.server.ServerResponse> handle(org.springframework.web.reactive.function.server.ServerRequest);|descriptor: (Lorg/springframework/web/reactive/function/server/ServerRequest;)Lreactor/core/publisher/Mono;
me.ahoo.wow.webflux.route.event.LoadEventStreamHandlerFunctionFactory#class
me.ahoo.wow.webflux.route.event.LoadEventStreamHandlerFunctionFactory#public me.ahoo.wow.webflux.route.event.LoadEventStreamHandlerFunctionFactory(me.ahoo.wow.query.event.filter.EventStreamQueryHandler, me.ahoo.wow.webflux.exception.RequestExceptionHandler);|descriptor: (Lme/ahoo/wow/query/event/filter/EventStreamQueryHandler;Lme/ahoo/wow/webflux/exception/RequestExceptionHandler;)V
me.ahoo.wow.webflux.route.event.PagedQueryEventStreamHandlerFunctionFactory#class
me.ahoo.wow.webflux.route.event.PagedQueryEventStreamHandlerFunctionFactory#public me.ahoo.wow.webflux.route.event.PagedQueryEventStreamHandlerFunctionFactory(me.ahoo.wow.query.event.filter.EventStreamQueryHandler, me.ahoo.wow.webflux.route.query.RewriteRequestCondition, me.ahoo.wow.webflux.exception.RequestExceptionHandler);|descriptor: (Lme/ahoo/wow/query/event/filter/EventStreamQueryHandler;Lme/ahoo/wow/webflux/route/query/RewriteRequestCondition;Lme/ahoo/wow/webflux/exception/RequestExceptionHandler;)V
me.ahoo.wow.webflux.route.event.state.ResendStateEventFunction#class
me.ahoo.wow.webflux.route.event.state.ResendStateEventFunction#public me.ahoo.wow.webflux.route.event.state.ResendStateEventFunction(me.ahoo.wow.modeling.metadata.AggregateMetadata<?, ?>, me.ahoo.wow.eventsourcing.EventStore, me.ahoo.wow.event.compensation.StateEventCompensator, me.ahoo.wow.webflux.exception.RequestExceptionHandler, me.ahoo.wow.webflux.route.policy.BatchExecutionPolicy);|descriptor: (Lme/ahoo/wow/modeling/metadata/AggregateMetadata;Lme/ahoo/wow/eventsourcing/EventStore;Lme/ahoo/wow/event/compensation/StateEventCompensator;Lme/ahoo/wow/webflux/exception/RequestExceptionHandler;Lme/ahoo/wow/webflux/route/policy/BatchExecutionPolicy;)V
me.ahoo.wow.webflux.route.event.state.ResendStateEventFunction#public reactor.core.publisher.Mono<org.springframework.web.reactive.function.server.ServerResponse> handle(org.springframework.web.reactive.function.server.ServerRequest);|descriptor: (Lorg/springframework/web/reactive/function/server/ServerRequest;)Lreactor/core/publisher/Mono;
me.ahoo.wow.webflux.route.event.state.ResendStateEventFunctionFactory#class
me.ahoo.wow.webflux.route.event.state.ResendStateEventFunctionFactory#public me.ahoo.wow.webflux.route.event.state.ResendStateEventFunctionFactory(me.ahoo.wow.eventsourcing.EventStore, me.ahoo.wow.event.compensation.StateEventCompensator, me.ahoo.wow.webflux.exception.RequestExceptionHandler, me.ahoo.wow.webflux.route.policy.BatchExecutionPolicy);|descriptor: (Lme/ahoo/wow/eventsourcing/EventStore;Lme/ahoo/wow/event/compensation/StateEventCompensator;Lme/ahoo/wow/webflux/exception/RequestExceptionHandler;Lme/ahoo/wow/webflux/route/policy/BatchExecutionPolicy;)V
me.ahoo.wow.webflux.route.event.state.ResendStateEventHandler#class
me.ahoo.wow.webflux.route.event.state.ResendStateEventHandler#public final reactor.core.publisher.Mono<me.ahoo.wow.openapi.BatchResult> handle(java.lang.String, int);|descriptor: (Ljava/lang/String;I)Lreactor/core/publisher/Mono;
me.ahoo.wow.webflux.route.event.state.ResendStateEventHandler#public me.ahoo.wow.webflux.route.event.state.ResendStateEventHandler(me.ahoo.wow.modeling.metadata.AggregateMetadata<?, ?>, me.ahoo.wow.eventsourcing.EventStore, me.ahoo.wow.event.compensation.StateEventCompensator, me.ahoo.wow.webflux.route.policy.BatchExecutionPolicy);|descriptor: (Lme/ahoo/wow/modeling/metadata/AggregateMetadata;Lme/ahoo/wow/eventsourcing/EventStore;Lme/ahoo/wow/event/compensation/StateEventCompensator;Lme/ahoo/wow/webflux/route/policy/BatchExecutionPolicy;)V
me.ahoo.wow.webflux.route.event.state.ResendStateEventHandler#public static final me.ahoo.wow.webflux.route.event.state.ResendStateEventHandler$Companion Companion;|descriptor: Lme/ahoo/wow/webflux/route/event/state/ResendStateEventHandler$Companion;
me.ahoo.wow.webflux.route.event.state.ResendStateEventHandler$Companion#class
me.ahoo.wow.webflux.route.event.state.ResendStateEventHandler$Companion#public me.ahoo.wow.webflux.route.event.state.ResendStateEventHandler$Companion(kotlin.jvm.internal.DefaultConstructorMarker);|descriptor: (Lkotlin/jvm/internal/DefaultConstructorMarker;)V
me.ahoo.wow.webflux.route.query.AbstractRewriteRequestCondition#class
me.ahoo.wow.webflux.route.query.AbstractRewriteRequestCondition#public <Q extends me.ahoo.wow.api.query.RewritableCondition<Q>> Q rewrite(me.ahoo.wow.modeling.metadata.AggregateMetadata<?, ?>, org.springframework.web.reactive.function.server.ServerRequest, Q);|descriptor: (Lme/ahoo/wow/modeling/metadata/AggregateMetadata;Lorg/springframework/web/reactive/function/server/ServerRequest;Lme/ahoo/wow/api/query/RewritableCondition;)Lme/ahoo/wow/api/query/RewritableCondition;
me.ahoo.wow.webflux.route.query.AbstractRewriteRequestCondition#public me.ahoo.wow.webflux.route.query.AbstractRewriteRequestCondition();|descriptor: ()V
me.ahoo.wow.webflux.route.query.CountQueryHandlerFunction#class
me.ahoo.wow.webflux.route.query.CountQueryHandlerFunction#public me.ahoo.wow.webflux.route.query.CountQueryHandlerFunction(me.ahoo.wow.modeling.metadata.AggregateMetadata<?, ?>, me.ahoo.wow.query.filter.QueryHandler<?>, me.ahoo.wow.webflux.route.query.RewriteRequestCondition, me.ahoo.wow.webflux.exception.RequestExceptionHandler);|descriptor: (Lme/ahoo/wow/modeling/metadata/AggregateMetadata;Lme/ahoo/wow/query/filter/QueryHandler;Lme/ahoo/wow/webflux/route/query/RewriteRequestCondition;Lme/ahoo/wow/webflux/exception/RequestExceptionHandler;)V
me.ahoo.wow.webflux.route.query.CountQueryHandlerFunction#public reactor.core.publisher.Mono<org.springframework.web.reactive.function.server.ServerResponse> handle(org.springframework.web.reactive.function.server.ServerRequest);|descriptor: (Lorg/springframework/web/reactive/function/server/ServerRequest;)Lreactor/core/publisher/Mono;
me.ahoo.wow.webflux.route.query.CountQueryHandlerFunctionFactory#class
me.ahoo.wow.webflux.route.query.CountQueryHandlerFunctionFactory#public me.ahoo.wow.webflux.route.query.CountQueryHandlerFunctionFactory(java.lang.String, me.ahoo.wow.query.filter.QueryHandler<?>, me.ahoo.wow.webflux.route.query.RewriteRequestCondition, me.ahoo.wow.webflux.exception.RequestExceptionHandler);|descriptor: (Ljava/lang/String;Lme/ahoo/wow/query/filter/QueryHandler;Lme/ahoo/wow/webflux/route/query/RewriteRequestCondition;Lme/ahoo/wow/webflux/exception/RequestExceptionHandler;)V
me.ahoo.wow.webflux.route.query.DefaultRewriteRequestCondition#class
me.ahoo.wow.webflux.route.query.DefaultRewriteRequestCondition#public static final me.ahoo.wow.webflux.route.query.DefaultRewriteRequestCondition INSTANCE;|descriptor: Lme/ahoo/wow/webflux/route/query/DefaultRewriteRequestCondition;
me.ahoo.wow.webflux.route.query.ListQueryHandlerFunction#class
me.ahoo.wow.webflux.route.query.ListQueryHandlerFunction#public me.ahoo.wow.webflux.route.query.ListQueryHandlerFunction(me.ahoo.wow.modeling.metadata.AggregateMetadata<?, ?>, me.ahoo.wow.query.filter.QueryHandler<?>, me.ahoo.wow.webflux.route.query.RewriteRequestCondition, me.ahoo.wow.webflux.exception.RequestExceptionHandler, kotlin.jvm.functions.Function1<? super reactor.core.publisher.Flux<me.ahoo.wow.api.query.DynamicDocument>, ? extends reactor.core.publisher.Flux<me.ahoo.wow.api.query.DynamicDocument>>);|descriptor: (Lme/ahoo/wow/modeling/metadata/AggregateMetadata;Lme/ahoo/wow/query/filter/QueryHandler;Lme/ahoo/wow/webflux/route/query/RewriteRequestCondition;Lme/ahoo/wow/webflux/exception/RequestExceptionHandler;Lkotlin/jvm/functions/Function1;)V
me.ahoo.wow.webflux.route.query.ListQueryHandlerFunction#public reactor.core.publisher.Mono<org.springframework.web.reactive.function.server.ServerResponse> handle(org.springframework.web.reactive.function.server.ServerRequest);|descriptor: (Lorg/springframework/web/reactive/function/server/ServerRequest;)Lreactor/core/publisher/Mono;
me.ahoo.wow.webflux.route.query.ListQueryHandlerFunctionFactory#class
me.ahoo.wow.webflux.route.query.ListQueryHandlerFunctionFactory#public me.ahoo.wow.webflux.route.query.ListQueryHandlerFunctionFactory(java.lang.String, me.ahoo.wow.query.filter.QueryHandler, me.ahoo.wow.webflux.route.query.RewriteRequestCondition, me.ahoo.wow.webflux.exception.RequestExceptionHandler, kotlin.jvm.functions.Function1, int, kotlin.jvm.internal.DefaultConstructorMarker);|descriptor: (Ljava/lang/String;Lme/ahoo/wow/query/filter/QueryHandler;Lme/ahoo/wow/webflux/route/query/RewriteRequestCondition;Lme/ahoo/wow/webflux/exception/RequestExceptionHandler;Lkotlin/jvm/functions/Function1;ILkotlin/jvm/internal/DefaultConstructorMarker;)V
me.ahoo.wow.webflux.route.query.ListQueryHandlerFunctionFactory#public me.ahoo.wow.webflux.route.query.ListQueryHandlerFunctionFactory(java.lang.String, me.ahoo.wow.query.filter.QueryHandler<?>, me.ahoo.wow.webflux.route.query.RewriteRequestCondition, me.ahoo.wow.webflux.exception.RequestExceptionHandler, kotlin.jvm.functions.Function1<? super reactor.core.publisher.Flux<me.ahoo.wow.api.query.DynamicDocument>, ? extends reactor.core.publisher.Flux<me.ahoo.wow.api.query.DynamicDocument>>);|descriptor: (Ljava/lang/String;Lme/ahoo/wow/query/filter/QueryHandler;Lme/ahoo/wow/webflux/route/query/RewriteRequestCondition;Lme/ahoo/wow/webflux/exception/RequestExceptionHandler;Lkotlin/jvm/functions/Function1;)V
me.ahoo.wow.webflux.route.query.PagedQueryHandlerFunction#class
me.ahoo.wow.webflux.route.query.PagedQueryHandlerFunction#public me.ahoo.wow.webflux.route.query.PagedQueryHandlerFunction(me.ahoo.wow.modeling.metadata.AggregateMetadata<?, ?>, me.ahoo.wow.query.filter.QueryHandler<?>, me.ahoo.wow.webflux.route.query.RewriteRequestCondition, me.ahoo.wow.webflux.exception.RequestExceptionHandler, kotlin.jvm.functions.Function1<? super reactor.core.publisher.Mono<me.ahoo.wow.api.query.PagedList<me.ahoo.wow.api.query.DynamicDocument>>, ? extends reactor.core.publisher.Mono<me.ahoo.wow.api.query.PagedList<me.ahoo.wow.api.query.DynamicDocument>>>);|descriptor: (Lme/ahoo/wow/modeling/metadata/AggregateMetadata;Lme/ahoo/wow/query/filter/QueryHandler;Lme/ahoo/wow/webflux/route/query/RewriteRequestCondition;Lme/ahoo/wow/webflux/exception/RequestExceptionHandler;Lkotlin/jvm/functions/Function1;)V
me.ahoo.wow.webflux.route.query.PagedQueryHandlerFunction#public reactor.core.publisher.Mono<org.springframework.web.reactive.function.server.ServerResponse> handle(org.springframework.web.reactive.function.server.ServerRequest);|descriptor: (Lorg/springframework/web/reactive/function/server/ServerRequest;)Lreactor/core/publisher/Mono;
me.ahoo.wow.webflux.route.query.PagedQueryHandlerFunctionFactory#class
me.ahoo.wow.webflux.route.query.PagedQueryHandlerFunctionFactory#public me.ahoo.wow.webflux.route.query.PagedQueryHandlerFunctionFactory(java.lang.String, me.ahoo.wow.query.filter.QueryHandler, me.ahoo.wow.webflux.route.query.RewriteRequestCondition, me.ahoo.wow.webflux.exception.RequestExceptionHandler, kotlin.jvm.functions.Function1, int, kotlin.jvm.internal.DefaultConstructorMarker);|descriptor: (Ljava/lang/String;Lme/ahoo/wow/query/filter/QueryHandler;Lme/ahoo/wow/webflux/route/query/RewriteRequestCondition;Lme/ahoo/wow/webflux/exception/RequestExceptionHandler;Lkotlin/jvm/functions/Function1;ILkotlin/jvm/internal/DefaultConstructorMarker;)V
me.ahoo.wow.webflux.route.query.PagedQueryHandlerFunctionFactory#public me.ahoo.wow.webflux.route.query.PagedQueryHandlerFunctionFactory(java.lang.String, me.ahoo.wow.query.filter.QueryHandler<?>, me.ahoo.wow.webflux.route.query.RewriteRequestCondition, me.ahoo.wow.webflux.exception.RequestExceptionHandler, kotlin.jvm.functions.Function1<? super reactor.core.publisher.Mono<me.ahoo.wow.api.query.PagedList<me.ahoo.wow.api.query.DynamicDocument>>, ? extends reactor.core.publisher.Mono<me.ahoo.wow.api.query.PagedList<me.ahoo.wow.api.query.DynamicDocument>>>);|descriptor: (Ljava/lang/String;Lme/ahoo/wow/query/filter/QueryHandler;Lme/ahoo/wow/webflux/route/query/RewriteRequestCondition;Lme/ahoo/wow/webflux/exception/RequestExceptionHandler;Lkotlin/jvm/functions/Function1;)V
me.ahoo.wow.webflux.route.query.QueryBodyExtractor#class
me.ahoo.wow.webflux.route.query.QueryBodyExtractor#public java.lang.Object extract(org.springframework.http.ReactiveHttpInputMessage, org.springframework.web.reactive.function.BodyExtractor$Context);|descriptor: (Lorg/springframework/http/ReactiveHttpInputMessage;Lorg/springframework/web/reactive/function/BodyExtractor$Context;)Ljava/lang/Object;
me.ahoo.wow.webflux.route.query.QueryBodyExtractor#public me.ahoo.wow.webflux.route.query.QueryBodyExtractor(java.lang.Class<Q>);|descriptor: (Ljava/lang/Class;)V
me.ahoo.wow.webflux.route.query.QueryBodyExtractor#public reactor.core.publisher.Mono<Q> extract(org.springframework.http.ReactiveHttpInputMessage, org.springframework.web.reactive.function.BodyExtractor$Context);|descriptor: (Lorg/springframework/http/ReactiveHttpInputMessage;Lorg/springframework/web/reactive/function/BodyExtractor$Context;)Lreactor/core/publisher/Mono;
me.ahoo.wow.webflux.route.query.QueryBodyExtractor#public static final me.ahoo.wow.webflux.route.query.QueryBodyExtractor access$getCONDITION_EXTRACTOR$cp();|descriptor: ()Lme/ahoo/wow/webflux/route/query/QueryBodyExtractor;
me.ahoo.wow.webflux.route.query.QueryBodyExtractor#public static final me.ahoo.wow.webflux.route.query.QueryBodyExtractor access$getLIST_QUERY_EXTRACTOR$cp();|descriptor: ()Lme/ahoo/wow/webflux/route/query/QueryBodyExtractor;
me.ahoo.wow.webflux.route.query.QueryBodyExtractor#public static final me.ahoo.wow.webflux.route.query.QueryBodyExtractor access$getPAGED_QUERY_EXTRACTOR$cp();|descriptor: ()Lme/ahoo/wow/webflux/route/query/QueryBodyExtractor;
me.ahoo.wow.webflux.route.query.QueryBodyExtractor#public static final me.ahoo.wow.webflux.route.query.QueryBodyExtractor access$getSINGLE_QUERY_EXTRACTOR$cp();|descriptor: ()Lme/ahoo/wow/webflux/route/query/QueryBodyExtractor;
me.ahoo.wow.webflux.route.query.QueryBodyExtractor#public static final me.ahoo.wow.webflux.route.query.QueryBodyExtractor$Companion Companion;|descriptor: Lme/ahoo/wow/webflux/route/query/QueryBodyExtractor$Companion;
me.ahoo.wow.webflux.route.query.QueryBodyExtractor$Companion#class
me.ahoo.wow.webflux.route.query.QueryBodyExtractor$Companion#public final me.ahoo.wow.webflux.route.query.QueryBodyExtractor<me.ahoo.wow.api.query.Condition> getCONDITION_EXTRACTOR();|descriptor: ()Lme/ahoo/wow/webflux/route/query/QueryBodyExtractor;
me.ahoo.wow.webflux.route.query.QueryBodyExtractor$Companion#public final me.ahoo.wow.webflux.route.query.QueryBodyExtractor<me.ahoo.wow.api.query.ListQuery> getLIST_QUERY_EXTRACTOR();|descriptor: ()Lme/ahoo/wow/webflux/route/query/QueryBodyExtractor;
me.ahoo.wow.webflux.route.query.QueryBodyExtractor$Companion#public final me.ahoo.wow.webflux.route.query.QueryBodyExtractor<me.ahoo.wow.api.query.PagedQuery> getPAGED_QUERY_EXTRACTOR();|descriptor: ()Lme/ahoo/wow/webflux/route/query/QueryBodyExtractor;
me.ahoo.wow.webflux.route.query.QueryBodyExtractor$Companion#public final me.ahoo.wow.webflux.route.query.QueryBodyExtractor<me.ahoo.wow.api.query.SingleQuery> getSINGLE_QUERY_EXTRACTOR();|descriptor: ()Lme/ahoo/wow/webflux/route/query/QueryBodyExtractor;
me.ahoo.wow.webflux.route.query.QueryBodyExtractor$Companion#public me.ahoo.wow.webflux.route.query.QueryBodyExtractor$Companion(kotlin.jvm.internal.DefaultConstructorMarker);|descriptor: (Lkotlin/jvm/internal/DefaultConstructorMarker;)V
me.ahoo.wow.webflux.route.query.RewriteRequestCondition#class
me.ahoo.wow.webflux.route.query.RewriteRequestCondition#public abstract <Q extends me.ahoo.wow.api.query.RewritableCondition<Q>> Q rewrite(me.ahoo.wow.modeling.metadata.AggregateMetadata<?, ?>, org.springframework.web.reactive.function.server.ServerRequest, Q);|descriptor: (Lme/ahoo/wow/modeling/metadata/AggregateMetadata;Lorg/springframework/web/reactive/function/server/ServerRequest;Lme/ahoo/wow/api/query/RewritableCondition;)Lme/ahoo/wow/api/query/RewritableCondition;
me.ahoo.wow.webflux.route.query.SingleQueryHandlerFunction#class
me.ahoo.wow.webflux.route.query.SingleQueryHandlerFunction#public me.ahoo.wow.webflux.route.query.SingleQueryHandlerFunction(me.ahoo.wow.modeling.metadata.AggregateMetadata<?, ?>, me.ahoo.wow.query.filter.QueryHandler<?>, me.ahoo.wow.webflux.route.query.RewriteRequestCondition, me.ahoo.wow.webflux.exception.RequestExceptionHandler, kotlin.jvm.functions.Function1<? super reactor.core.publisher.Mono<me.ahoo.wow.api.query.DynamicDocument>, ? extends reactor.core.publisher.Mono<me.ahoo.wow.api.query.DynamicDocument>>);|descriptor: (Lme/ahoo/wow/modeling/metadata/AggregateMetadata;Lme/ahoo/wow/query/filter/QueryHandler;Lme/ahoo/wow/webflux/route/query/RewriteRequestCondition;Lme/ahoo/wow/webflux/exception/RequestExceptionHandler;Lkotlin/jvm/functions/Function1;)V
me.ahoo.wow.webflux.route.query.SingleQueryHandlerFunction#public reactor.core.publisher.Mono<org.springframework.web.reactive.function.server.ServerResponse> handle(org.springframework.web.reactive.function.server.ServerRequest);|descriptor: (Lorg/springframework/web/reactive/function/server/ServerRequest;)Lreactor/core/publisher/Mono;
me.ahoo.wow.webflux.route.query.SingleQueryHandlerFunctionFactory#class
me.ahoo.wow.webflux.route.query.SingleQueryHandlerFunctionFactory#public me.ahoo.wow.webflux.route.query.SingleQueryHandlerFunctionFactory(java.lang.String, me.ahoo.wow.query.filter.QueryHandler, me.ahoo.wow.webflux.route.query.RewriteRequestCondition, me.ahoo.wow.webflux.exception.RequestExceptionHandler, kotlin.jvm.functions.Function1, int, kotlin.jvm.internal.DefaultConstructorMarker);|descriptor: (Ljava/lang/String;Lme/ahoo/wow/query/filter/QueryHandler;Lme/ahoo/wow/webflux/route/query/RewriteRequestCondition;Lme/ahoo/wow/webflux/exception/RequestExceptionHandler;Lkotlin/jvm/functions/Function1;ILkotlin/jvm/internal/DefaultConstructorMarker;)V
me.ahoo.wow.webflux.route.query.SingleQueryHandlerFunctionFactory#public me.ahoo.wow.webflux.route.query.SingleQueryHandlerFunctionFactory(java.lang.String, me.ahoo.wow.query.filter.QueryHandler<?>, me.ahoo.wow.webflux.route.query.RewriteRequestCondition, me.ahoo.wow.webflux.exception.RequestExceptionHandler, kotlin.jvm.functions.Function1<? super reactor.core.publisher.Mono<me.ahoo.wow.api.query.DynamicDocument>, ? extends reactor.core.publisher.Mono<me.ahoo.wow.api.query.DynamicDocument>>);|descriptor: (Ljava/lang/String;Lme/ahoo/wow/query/filter/QueryHandler;Lme/ahoo/wow/webflux/route/query/RewriteRequestCondition;Lme/ahoo/wow/webflux/exception/RequestExceptionHandler;Lkotlin/jvm/functions/Function1;)V
me.ahoo.wow.webflux.route.snapshot.BatchRegenerateSnapshotHandlerFunction#class
me.ahoo.wow.webflux.route.snapshot.BatchRegenerateSnapshotHandlerFunction#public me.ahoo.wow.webflux.route.snapshot.BatchRegenerateSnapshotHandlerFunction(me.ahoo.wow.modeling.metadata.AggregateMetadata<?, ?>, me.ahoo.wow.modeling.state.StateAggregateFactory, me.ahoo.wow.eventsourcing.EventStore, me.ahoo.wow.eventsourcing.snapshot.SnapshotStore, me.ahoo.wow.webflux.exception.RequestExceptionHandler, me.ahoo.wow.webflux.route.policy.BatchExecutionPolicy);|descriptor: (Lme/ahoo/wow/modeling/metadata/AggregateMetadata;Lme/ahoo/wow/modeling/state/StateAggregateFactory;Lme/ahoo/wow/eventsourcing/EventStore;Lme/ahoo/wow/eventsourcing/snapshot/SnapshotStore;Lme/ahoo/wow/webflux/exception/RequestExceptionHandler;Lme/ahoo/wow/webflux/route/policy/BatchExecutionPolicy;)V
me.ahoo.wow.webflux.route.snapshot.BatchRegenerateSnapshotHandlerFunction#public reactor.core.publisher.Mono<org.springframework.web.reactive.function.server.ServerResponse> handle(org.springframework.web.reactive.function.server.ServerRequest);|descriptor: (Lorg/springframework/web/reactive/function/server/ServerRequest;)Lreactor/core/publisher/Mono;
me.ahoo.wow.webflux.route.snapshot.BatchRegenerateSnapshotHandlerFunctionFactory#class
me.ahoo.wow.webflux.route.snapshot.BatchRegenerateSnapshotHandlerFunctionFactory#public me.ahoo.wow.webflux.route.snapshot.BatchRegenerateSnapshotHandlerFunctionFactory(me.ahoo.wow.modeling.state.StateAggregateFactory, me.ahoo.wow.eventsourcing.EventStore, me.ahoo.wow.eventsourcing.snapshot.SnapshotStore, me.ahoo.wow.webflux.exception.RequestExceptionHandler, me.ahoo.wow.webflux.route.policy.BatchExecutionPolicy);|descriptor: (Lme/ahoo/wow/modeling/state/StateAggregateFactory;Lme/ahoo/wow/eventsourcing/EventStore;Lme/ahoo/wow/eventsourcing/snapshot/SnapshotStore;Lme/ahoo/wow/webflux/exception/RequestExceptionHandler;Lme/ahoo/wow/webflux/route/policy/BatchExecutionPolicy;)V
me.ahoo.wow.webflux.route.snapshot.CountSnapshotHandlerFunctionFactory#class
me.ahoo.wow.webflux.route.snapshot.CountSnapshotHandlerFunctionFactory#public me.ahoo.wow.webflux.route.snapshot.CountSnapshotHandlerFunctionFactory(me.ahoo.wow.query.snapshot.filter.SnapshotQueryHandler, me.ahoo.wow.webflux.route.query.RewriteRequestCondition, me.ahoo.wow.webflux.exception.RequestExceptionHandler);|descriptor: (Lme/ahoo/wow/query/snapshot/filter/SnapshotQueryHandler;Lme/ahoo/wow/webflux/route/query/RewriteRequestCondition;Lme/ahoo/wow/webflux/exception/RequestExceptionHandler;)V
me.ahoo.wow.webflux.route.snapshot.ListQuerySnapshotHandlerFunctionFactory#class
me.ahoo.wow.webflux.route.snapshot.ListQuerySnapshotHandlerFunctionFactory#public me.ahoo.wow.webflux.route.snapshot.ListQuerySnapshotHandlerFunctionFactory(me.ahoo.wow.query.snapshot.filter.SnapshotQueryHandler, me.ahoo.wow.webflux.route.query.RewriteRequestCondition, me.ahoo.wow.webflux.exception.RequestExceptionHandler);|descriptor: (Lme/ahoo/wow/query/snapshot/filter/SnapshotQueryHandler;Lme/ahoo/wow/webflux/route/query/RewriteRequestCondition;Lme/ahoo/wow/webflux/exception/RequestExceptionHandler;)V
me.ahoo.wow.webflux.route.snapshot.ListQuerySnapshotStateHandlerFunctionFactory#class
me.ahoo.wow.webflux.route.snapshot.ListQuerySnapshotStateHandlerFunctionFactory#public me.ahoo.wow.webflux.route.snapshot.ListQuerySnapshotStateHandlerFunctionFactory(me.ahoo.wow.query.snapshot.filter.SnapshotQueryHandler, me.ahoo.wow.webflux.route.query.RewriteRequestCondition, me.ahoo.wow.webflux.exception.RequestExceptionHandler);|descriptor: (Lme/ahoo/wow/query/snapshot/filter/SnapshotQueryHandler;Lme/ahoo/wow/webflux/route/query/RewriteRequestCondition;Lme/ahoo/wow/webflux/exception/RequestExceptionHandler;)V
me.ahoo.wow.webflux.route.snapshot.LoadSnapshotHandlerFunction#class
me.ahoo.wow.webflux.route.snapshot.LoadSnapshotHandlerFunction#public me.ahoo.wow.webflux.route.snapshot.LoadSnapshotHandlerFunction(me.ahoo.wow.openapi.metadata.AggregateRouteMetadata<?>, me.ahoo.wow.query.snapshot.filter.SnapshotQueryHandler, me.ahoo.wow.webflux.exception.RequestExceptionHandler);|descriptor: (Lme/ahoo/wow/openapi/metadata/AggregateRouteMetadata;Lme/ahoo/wow/query/snapshot/filter/SnapshotQueryHandler;Lme/ahoo/wow/webflux/exception/RequestExceptionHandler;)V
me.ahoo.wow.webflux.route.snapshot.LoadSnapshotHandlerFunction#public reactor.core.publisher.Mono<org.springframework.web.reactive.function.server.ServerResponse> handle(org.springframework.web.reactive.function.server.ServerRequest);|descriptor: (Lorg/springframework/web/reactive/function/server/ServerRequest;)Lreactor/core/publisher/Mono;
me.ahoo.wow.webflux.route.snapshot.LoadSnapshotHandlerFunctionFactory#class
me.ahoo.wow.webflux.route.snapshot.LoadSnapshotHandlerFunctionFactory#public me.ahoo.wow.webflux.route.snapshot.LoadSnapshotHandlerFunctionFactory(me.ahoo.wow.query.snapshot.filter.SnapshotQueryHandler, me.ahoo.wow.webflux.exception.RequestExceptionHandler);|descriptor: (Lme/ahoo/wow/query/snapshot/filter/SnapshotQueryHandler;Lme/ahoo/wow/webflux/exception/RequestExceptionHandler;)V
me.ahoo.wow.webflux.route.snapshot.PagedQuerySnapshotHandlerFunctionFactory#class
me.ahoo.wow.webflux.route.snapshot.PagedQuerySnapshotHandlerFunctionFactory#public me.ahoo.wow.webflux.route.snapshot.PagedQuerySnapshotHandlerFunctionFactory(me.ahoo.wow.query.snapshot.filter.SnapshotQueryHandler, me.ahoo.wow.webflux.route.query.RewriteRequestCondition, me.ahoo.wow.webflux.exception.RequestExceptionHandler);|descriptor: (Lme/ahoo/wow/query/snapshot/filter/SnapshotQueryHandler;Lme/ahoo/wow/webflux/route/query/RewriteRequestCondition;Lme/ahoo/wow/webflux/exception/RequestExceptionHandler;)V
me.ahoo.wow.webflux.route.snapshot.PagedQuerySnapshotStateHandlerFunctionFactory#class
me.ahoo.wow.webflux.route.snapshot.PagedQuerySnapshotStateHandlerFunctionFactory#public me.ahoo.wow.webflux.route.snapshot.PagedQuerySnapshotStateHandlerFunctionFactory(me.ahoo.wow.query.snapshot.filter.SnapshotQueryHandler, me.ahoo.wow.webflux.route.query.RewriteRequestCondition, me.ahoo.wow.webflux.exception.RequestExceptionHandler);|descriptor: (Lme/ahoo/wow/query/snapshot/filter/SnapshotQueryHandler;Lme/ahoo/wow/webflux/route/query/RewriteRequestCondition;Lme/ahoo/wow/webflux/exception/RequestExceptionHandler;)V
me.ahoo.wow.webflux.route.snapshot.RegenerateSnapshotHandler#class
me.ahoo.wow.webflux.route.snapshot.RegenerateSnapshotHandler#public final reactor.core.publisher.Mono<me.ahoo.wow.eventsourcing.snapshot.Snapshot<?>> handle(me.ahoo.wow.api.modeling.AggregateId);|descriptor: (Lme/ahoo/wow/api/modeling/AggregateId;)Lreactor/core/publisher/Mono;
me.ahoo.wow.webflux.route.snapshot.RegenerateSnapshotHandler#public me.ahoo.wow.webflux.route.snapshot.RegenerateSnapshotHandler(me.ahoo.wow.modeling.metadata.AggregateMetadata<?, ?>, me.ahoo.wow.modeling.state.StateAggregateFactory, me.ahoo.wow.eventsourcing.EventStore, me.ahoo.wow.eventsourcing.snapshot.SnapshotStore);|descriptor: (Lme/ahoo/wow/modeling/metadata/AggregateMetadata;Lme/ahoo/wow/modeling/state/StateAggregateFactory;Lme/ahoo/wow/eventsourcing/EventStore;Lme/ahoo/wow/eventsourcing/snapshot/SnapshotStore;)V
me.ahoo.wow.webflux.route.snapshot.RegenerateSnapshotHandlerFunction#class
me.ahoo.wow.webflux.route.snapshot.RegenerateSnapshotHandlerFunction#public me.ahoo.wow.webflux.route.snapshot.RegenerateSnapshotHandlerFunction(me.ahoo.wow.modeling.metadata.AggregateMetadata<?, ?>, me.ahoo.wow.modeling.state.StateAggregateFactory, me.ahoo.wow.eventsourcing.EventStore, me.ahoo.wow.eventsourcing.snapshot.SnapshotStore, me.ahoo.wow.webflux.exception.RequestExceptionHandler);|descriptor: (Lme/ahoo/wow/modeling/metadata/AggregateMetadata;Lme/ahoo/wow/modeling/state/StateAggregateFactory;Lme/ahoo/wow/eventsourcing/EventStore;Lme/ahoo/wow/eventsourcing/snapshot/SnapshotStore;Lme/ahoo/wow/webflux/exception/RequestExceptionHandler;)V
me.ahoo.wow.webflux.route.snapshot.RegenerateSnapshotHandlerFunction#public reactor.core.publisher.Mono<org.springframework.web.reactive.function.server.ServerResponse> handle(org.springframework.web.reactive.function.server.ServerRequest);|descriptor: (Lorg/springframework/web/reactive/function/server/ServerRequest;)Lreactor/core/publisher/Mono;
me.ahoo.wow.webflux.route.snapshot.RegenerateSnapshotHandlerFunctionFactory#class
me.ahoo.wow.webflux.route.snapshot.RegenerateSnapshotHandlerFunctionFactory#public me.ahoo.wow.webflux.route.snapshot.RegenerateSnapshotHandlerFunctionFactory(me.ahoo.wow.modeling.state.StateAggregateFactory, me.ahoo.wow.eventsourcing.EventStore, me.ahoo.wow.eventsourcing.snapshot.SnapshotStore, me.ahoo.wow.webflux.exception.RequestExceptionHandler);|descriptor: (Lme/ahoo/wow/modeling/state/StateAggregateFactory;Lme/ahoo/wow/eventsourcing/EventStore;Lme/ahoo/wow/eventsourcing/snapshot/SnapshotStore;Lme/ahoo/wow/webflux/exception/RequestExceptionHandler;)V
me.ahoo.wow.webflux.route.snapshot.SingleSnapshotHandlerFunctionFactory#class
me.ahoo.wow.webflux.route.snapshot.SingleSnapshotHandlerFunctionFactory#public me.ahoo.wow.webflux.route.snapshot.SingleSnapshotHandlerFunctionFactory(me.ahoo.wow.query.snapshot.filter.SnapshotQueryHandler, me.ahoo.wow.webflux.route.query.RewriteRequestCondition, me.ahoo.wow.webflux.exception.RequestExceptionHandler);|descriptor: (Lme/ahoo/wow/query/snapshot/filter/SnapshotQueryHandler;Lme/ahoo/wow/webflux/route/query/RewriteRequestCondition;Lme/ahoo/wow/webflux/exception/RequestExceptionHandler;)V
me.ahoo.wow.webflux.route.snapshot.SingleSnapshotStateHandlerFunctionFactory#class
me.ahoo.wow.webflux.route.snapshot.SingleSnapshotStateHandlerFunctionFactory#public me.ahoo.wow.webflux.route.snapshot.SingleSnapshotStateHandlerFunctionFactory(me.ahoo.wow.query.snapshot.filter.SnapshotQueryHandler, me.ahoo.wow.webflux.route.query.RewriteRequestCondition, me.ahoo.wow.webflux.exception.RequestExceptionHandler);|descriptor: (Lme/ahoo/wow/query/snapshot/filter/SnapshotQueryHandler;Lme/ahoo/wow/webflux/route/query/RewriteRequestCondition;Lme/ahoo/wow/webflux/exception/RequestExceptionHandler;)V
