me.ahoo.wow.spring.query.EventStreamQueryServiceRegistrar#class
me.ahoo.wow.spring.query.EventStreamQueryServiceRegistrar#public me.ahoo.wow.spring.query.EventStreamQueryServiceRegistrar();|descriptor: ()V
me.ahoo.wow.spring.query.EventStreamQueryServiceRegistrar#public static final me.ahoo.wow.spring.query.EventStreamQueryServiceRegistrar$Companion Companion;|descriptor: Lme/ahoo/wow/spring/query/EventStreamQueryServiceRegistrar$Companion;
me.ahoo.wow.spring.query.EventStreamQueryServiceRegistrar#public void registerQueryService(java.util.Map$Entry<me.ahoo.wow.modeling.MaterializedNamedAggregate, ? extends java.lang.Class<?>>, org.springframework.beans.factory.support.BeanDefinitionRegistry);|descriptor: (Ljava/util/Map$Entry;Lorg/springframework/beans/factory/support/BeanDefinitionRegistry;)V
me.ahoo.wow.spring.query.EventStreamQueryServiceRegistrar$Companion#class
me.ahoo.wow.spring.query.EventStreamQueryServiceRegistrar$Companion#public me.ahoo.wow.spring.query.EventStreamQueryServiceRegistrar$Companion(kotlin.jvm.internal.DefaultConstructorMarker);|descriptor: (Lkotlin/jvm/internal/DefaultConstructorMarker;)V
me.ahoo.wow.spring.query.QueryServiceRegistrar#class
me.ahoo.wow.spring.query.QueryServiceRegistrar#public abstract void registerQueryService(java.util.Map$Entry<me.ahoo.wow.modeling.MaterializedNamedAggregate, ? extends java.lang.Class<?>>, org.springframework.beans.factory.support.BeanDefinitionRegistry);|descriptor: (Ljava/util/Map$Entry;Lorg/springframework/beans/factory/support/BeanDefinitionRegistry;)V
me.ahoo.wow.spring.query.QueryServiceRegistrar#public me.ahoo.wow.spring.query.QueryServiceRegistrar();|descriptor: ()V
me.ahoo.wow.spring.query.QueryServiceRegistrar#public void registerBeanDefinitions(org.springframework.core.type.AnnotationMetadata, org.springframework.beans.factory.support.BeanDefinitionRegistry);|descriptor: (Lorg/springframework/core/type/AnnotationMetadata;Lorg/springframework/beans/factory/support/BeanDefinitionRegistry;)V
me.ahoo.wow.spring.query.QueryServiceRegistrar#public void setBeanFactory(org.springframework.beans.factory.BeanFactory);|descriptor: (Lorg/springframework/beans/factory/BeanFactory;)V
me.ahoo.wow.spring.query.SnapshotQueryServiceRegistrar#class
me.ahoo.wow.spring.query.SnapshotQueryServiceRegistrar#public me.ahoo.wow.spring.query.SnapshotQueryServiceRegistrar();|descriptor: ()V
me.ahoo.wow.spring.query.SnapshotQueryServiceRegistrar#public static final me.ahoo.wow.spring.query.SnapshotQueryServiceRegistrar$Companion Companion;|descriptor: Lme/ahoo/wow/spring/query/SnapshotQueryServiceRegistrar$Companion;
me.ahoo.wow.spring.query.SnapshotQueryServiceRegistrar#public void registerQueryService(java.util.Map$Entry<me.ahoo.wow.modeling.MaterializedNamedAggregate, ? extends java.lang.Class<?>>, org.springframework.beans.factory.support.BeanDefinitionRegistry);|descriptor: (Ljava/util/Map$Entry;Lorg/springframework/beans/factory/support/BeanDefinitionRegistry;)V
me.ahoo.wow.spring.query.SnapshotQueryServiceRegistrar$Companion#class
me.ahoo.wow.spring.query.SnapshotQueryServiceRegistrar$Companion#public me.ahoo.wow.spring.query.SnapshotQueryServiceRegistrar$Companion(kotlin.jvm.internal.DefaultConstructorMarker);|descriptor: (Lkotlin/jvm/internal/DefaultConstructorMarker;)V
