me.ahoo.wow.mongo.query.AbstractMongoConditionConverter#class|public abstract class me.ahoo.wow.mongo.query.AbstractMongoConditionConverter extends me.ahoo.wow.query.converter.AbstractConditionConverter<org.bson.conversions.Bson> {
me.ahoo.wow.mongo.query.AbstractMongoConditionConverter#protected abstract me.ahoo.wow.query.converter.FieldConverter getFieldConverter();|descriptor: ()Lme/ahoo/wow/query/converter/FieldConverter;
me.ahoo.wow.mongo.query.AbstractMongoConditionConverter#protected me.ahoo.wow.api.query.Condition convertCondition(me.ahoo.wow.api.query.Condition);|descriptor: (Lme/ahoo/wow/api/query/Condition;)Lme/ahoo/wow/api/query/Condition;
me.ahoo.wow.mongo.query.AbstractMongoConditionConverter#public java.lang.Object all(me.ahoo.wow.api.query.Condition);|descriptor: (Lme/ahoo/wow/api/query/Condition;)Ljava/lang/Object;
me.ahoo.wow.mongo.query.AbstractMongoConditionConverter#public java.lang.Object allIn(me.ahoo.wow.api.query.Condition);|descriptor: (Lme/ahoo/wow/api/query/Condition;)Ljava/lang/Object;
me.ahoo.wow.mongo.query.AbstractMongoConditionConverter#public java.lang.Object and(me.ahoo.wow.api.query.Condition);|descriptor: (Lme/ahoo/wow/api/query/Condition;)Ljava/lang/Object;
me.ahoo.wow.mongo.query.AbstractMongoConditionConverter#public java.lang.Object between(me.ahoo.wow.api.query.Condition);|descriptor: (Lme/ahoo/wow/api/query/Condition;)Ljava/lang/Object;
me.ahoo.wow.mongo.query.AbstractMongoConditionConverter#public java.lang.Object contains(me.ahoo.wow.api.query.Condition);|descriptor: (Lme/ahoo/wow/api/query/Condition;)Ljava/lang/Object;
me.ahoo.wow.mongo.query.AbstractMongoConditionConverter#public java.lang.Object convert(me.ahoo.wow.api.query.Condition);|descriptor: (Lme/ahoo/wow/api/query/Condition;)Ljava/lang/Object;
me.ahoo.wow.mongo.query.AbstractMongoConditionConverter#public java.lang.Object deleted(me.ahoo.wow.api.query.Condition);|descriptor: (Lme/ahoo/wow/api/query/Condition;)Ljava/lang/Object;
me.ahoo.wow.mongo.query.AbstractMongoConditionConverter#public java.lang.Object elemMatch(me.ahoo.wow.api.query.Condition);|descriptor: (Lme/ahoo/wow/api/query/Condition;)Ljava/lang/Object;
me.ahoo.wow.mongo.query.AbstractMongoConditionConverter#public java.lang.Object endsWith(me.ahoo.wow.api.query.Condition);|descriptor: (Lme/ahoo/wow/api/query/Condition;)Ljava/lang/Object;
me.ahoo.wow.mongo.query.AbstractMongoConditionConverter#public java.lang.Object eq(me.ahoo.wow.api.query.Condition);|descriptor: (Lme/ahoo/wow/api/query/Condition;)Ljava/lang/Object;
me.ahoo.wow.mongo.query.AbstractMongoConditionConverter#public java.lang.Object exists(me.ahoo.wow.api.query.Condition);|descriptor: (Lme/ahoo/wow/api/query/Condition;)Ljava/lang/Object;
me.ahoo.wow.mongo.query.AbstractMongoConditionConverter#public java.lang.Object gt(me.ahoo.wow.api.query.Condition);|descriptor: (Lme/ahoo/wow/api/query/Condition;)Ljava/lang/Object;
me.ahoo.wow.mongo.query.AbstractMongoConditionConverter#public java.lang.Object gte(me.ahoo.wow.api.query.Condition);|descriptor: (Lme/ahoo/wow/api/query/Condition;)Ljava/lang/Object;
me.ahoo.wow.mongo.query.AbstractMongoConditionConverter#public java.lang.Object id(me.ahoo.wow.api.query.Condition);|descriptor: (Lme/ahoo/wow/api/query/Condition;)Ljava/lang/Object;
me.ahoo.wow.mongo.query.AbstractMongoConditionConverter#public java.lang.Object ids(me.ahoo.wow.api.query.Condition);|descriptor: (Lme/ahoo/wow/api/query/Condition;)Ljava/lang/Object;
me.ahoo.wow.mongo.query.AbstractMongoConditionConverter#public java.lang.Object isFalse(me.ahoo.wow.api.query.Condition);|descriptor: (Lme/ahoo/wow/api/query/Condition;)Ljava/lang/Object;
me.ahoo.wow.mongo.query.AbstractMongoConditionConverter#public java.lang.Object isIn(me.ahoo.wow.api.query.Condition);|descriptor: (Lme/ahoo/wow/api/query/Condition;)Ljava/lang/Object;
me.ahoo.wow.mongo.query.AbstractMongoConditionConverter#public java.lang.Object isNull(me.ahoo.wow.api.query.Condition);|descriptor: (Lme/ahoo/wow/api/query/Condition;)Ljava/lang/Object;
me.ahoo.wow.mongo.query.AbstractMongoConditionConverter#public java.lang.Object isTrue(me.ahoo.wow.api.query.Condition);|descriptor: (Lme/ahoo/wow/api/query/Condition;)Ljava/lang/Object;
me.ahoo.wow.mongo.query.AbstractMongoConditionConverter#public java.lang.Object lt(me.ahoo.wow.api.query.Condition);|descriptor: (Lme/ahoo/wow/api/query/Condition;)Ljava/lang/Object;
me.ahoo.wow.mongo.query.AbstractMongoConditionConverter#public java.lang.Object lte(me.ahoo.wow.api.query.Condition);|descriptor: (Lme/ahoo/wow/api/query/Condition;)Ljava/lang/Object;
me.ahoo.wow.mongo.query.AbstractMongoConditionConverter#public java.lang.Object match(me.ahoo.wow.api.query.Condition);|descriptor: (Lme/ahoo/wow/api/query/Condition;)Ljava/lang/Object;
me.ahoo.wow.mongo.query.AbstractMongoConditionConverter#public java.lang.Object ne(me.ahoo.wow.api.query.Condition);|descriptor: (Lme/ahoo/wow/api/query/Condition;)Ljava/lang/Object;
me.ahoo.wow.mongo.query.AbstractMongoConditionConverter#public java.lang.Object nor(me.ahoo.wow.api.query.Condition);|descriptor: (Lme/ahoo/wow/api/query/Condition;)Ljava/lang/Object;
me.ahoo.wow.mongo.query.AbstractMongoConditionConverter#public java.lang.Object notIn(me.ahoo.wow.api.query.Condition);|descriptor: (Lme/ahoo/wow/api/query/Condition;)Ljava/lang/Object;
me.ahoo.wow.mongo.query.AbstractMongoConditionConverter#public java.lang.Object notNull(me.ahoo.wow.api.query.Condition);|descriptor: (Lme/ahoo/wow/api/query/Condition;)Ljava/lang/Object;
me.ahoo.wow.mongo.query.AbstractMongoConditionConverter#public java.lang.Object or(me.ahoo.wow.api.query.Condition);|descriptor: (Lme/ahoo/wow/api/query/Condition;)Ljava/lang/Object;
me.ahoo.wow.mongo.query.AbstractMongoConditionConverter#public java.lang.Object ownerId(me.ahoo.wow.api.query.Condition);|descriptor: (Lme/ahoo/wow/api/query/Condition;)Ljava/lang/Object;
me.ahoo.wow.mongo.query.AbstractMongoConditionConverter#public java.lang.Object raw(me.ahoo.wow.api.query.Condition);|descriptor: (Lme/ahoo/wow/api/query/Condition;)Ljava/lang/Object;
me.ahoo.wow.mongo.query.AbstractMongoConditionConverter#public java.lang.Object spaceId(me.ahoo.wow.api.query.Condition);|descriptor: (Lme/ahoo/wow/api/query/Condition;)Ljava/lang/Object;
me.ahoo.wow.mongo.query.AbstractMongoConditionConverter#public java.lang.Object startsWith(me.ahoo.wow.api.query.Condition);|descriptor: (Lme/ahoo/wow/api/query/Condition;)Ljava/lang/Object;
me.ahoo.wow.mongo.query.AbstractMongoConditionConverter#public java.lang.Object tenantId(me.ahoo.wow.api.query.Condition);|descriptor: (Lme/ahoo/wow/api/query/Condition;)Ljava/lang/Object;
me.ahoo.wow.mongo.query.AbstractMongoConditionConverter#public me.ahoo.wow.mongo.query.AbstractMongoConditionConverter();|descriptor: ()V
me.ahoo.wow.mongo.query.AbstractMongoConditionConverter#public org.bson.conversions.Bson all(me.ahoo.wow.api.query.Condition);|descriptor: (Lme/ahoo/wow/api/query/Condition;)Lorg/bson/conversions/Bson;
me.ahoo.wow.mongo.query.AbstractMongoConditionConverter#public org.bson.conversions.Bson allIn(me.ahoo.wow.api.query.Condition);|descriptor: (Lme/ahoo/wow/api/query/Condition;)Lorg/bson/conversions/Bson;
me.ahoo.wow.mongo.query.AbstractMongoConditionConverter#public org.bson.conversions.Bson and(me.ahoo.wow.api.query.Condition);|descriptor: (Lme/ahoo/wow/api/query/Condition;)Lorg/bson/conversions/Bson;
me.ahoo.wow.mongo.query.AbstractMongoConditionConverter#public org.bson.conversions.Bson between(me.ahoo.wow.api.query.Condition);|descriptor: (Lme/ahoo/wow/api/query/Condition;)Lorg/bson/conversions/Bson;
me.ahoo.wow.mongo.query.AbstractMongoConditionConverter#public org.bson.conversions.Bson contains(me.ahoo.wow.api.query.Condition);|descriptor: (Lme/ahoo/wow/api/query/Condition;)Lorg/bson/conversions/Bson;
me.ahoo.wow.mongo.query.AbstractMongoConditionConverter#public org.bson.conversions.Bson convert(me.ahoo.wow.api.query.Condition);|descriptor: (Lme/ahoo/wow/api/query/Condition;)Lorg/bson/conversions/Bson;
me.ahoo.wow.mongo.query.AbstractMongoConditionConverter#public org.bson.conversions.Bson deleted(me.ahoo.wow.api.query.Condition);|descriptor: (Lme/ahoo/wow/api/query/Condition;)Lorg/bson/conversions/Bson;
me.ahoo.wow.mongo.query.AbstractMongoConditionConverter#public org.bson.conversions.Bson elemMatch(me.ahoo.wow.api.query.Condition);|descriptor: (Lme/ahoo/wow/api/query/Condition;)Lorg/bson/conversions/Bson;
me.ahoo.wow.mongo.query.AbstractMongoConditionConverter#public org.bson.conversions.Bson endsWith(me.ahoo.wow.api.query.Condition);|descriptor: (Lme/ahoo/wow/api/query/Condition;)Lorg/bson/conversions/Bson;
me.ahoo.wow.mongo.query.AbstractMongoConditionConverter#public org.bson.conversions.Bson eq(me.ahoo.wow.api.query.Condition);|descriptor: (Lme/ahoo/wow/api/query/Condition;)Lorg/bson/conversions/Bson;
me.ahoo.wow.mongo.query.AbstractMongoConditionConverter#public org.bson.conversions.Bson exists(me.ahoo.wow.api.query.Condition);|descriptor: (Lme/ahoo/wow/api/query/Condition;)Lorg/bson/conversions/Bson;
me.ahoo.wow.mongo.query.AbstractMongoConditionConverter#public org.bson.conversions.Bson gt(me.ahoo.wow.api.query.Condition);|descriptor: (Lme/ahoo/wow/api/query/Condition;)Lorg/bson/conversions/Bson;
me.ahoo.wow.mongo.query.AbstractMongoConditionConverter#public org.bson.conversions.Bson gte(me.ahoo.wow.api.query.Condition);|descriptor: (Lme/ahoo/wow/api/query/Condition;)Lorg/bson/conversions/Bson;
me.ahoo.wow.mongo.query.AbstractMongoConditionConverter#public org.bson.conversions.Bson id(me.ahoo.wow.api.query.Condition);|descriptor: (Lme/ahoo/wow/api/query/Condition;)Lorg/bson/conversions/Bson;
me.ahoo.wow.mongo.query.AbstractMongoConditionConverter#public org.bson.conversions.Bson ids(me.ahoo.wow.api.query.Condition);|descriptor: (Lme/ahoo/wow/api/query/Condition;)Lorg/bson/conversions/Bson;
me.ahoo.wow.mongo.query.AbstractMongoConditionConverter#public org.bson.conversions.Bson isFalse(me.ahoo.wow.api.query.Condition);|descriptor: (Lme/ahoo/wow/api/query/Condition;)Lorg/bson/conversions/Bson;
me.ahoo.wow.mongo.query.AbstractMongoConditionConverter#public org.bson.conversions.Bson isIn(me.ahoo.wow.api.query.Condition);|descriptor: (Lme/ahoo/wow/api/query/Condition;)Lorg/bson/conversions/Bson;
me.ahoo.wow.mongo.query.AbstractMongoConditionConverter#public org.bson.conversions.Bson isNull(me.ahoo.wow.api.query.Condition);|descriptor: (Lme/ahoo/wow/api/query/Condition;)Lorg/bson/conversions/Bson;
me.ahoo.wow.mongo.query.AbstractMongoConditionConverter#public org.bson.conversions.Bson isTrue(me.ahoo.wow.api.query.Condition);|descriptor: (Lme/ahoo/wow/api/query/Condition;)Lorg/bson/conversions/Bson;
me.ahoo.wow.mongo.query.AbstractMongoConditionConverter#public org.bson.conversions.Bson lt(me.ahoo.wow.api.query.Condition);|descriptor: (Lme/ahoo/wow/api/query/Condition;)Lorg/bson/conversions/Bson;
me.ahoo.wow.mongo.query.AbstractMongoConditionConverter#public org.bson.conversions.Bson lte(me.ahoo.wow.api.query.Condition);|descriptor: (Lme/ahoo/wow/api/query/Condition;)Lorg/bson/conversions/Bson;
me.ahoo.wow.mongo.query.AbstractMongoConditionConverter#public org.bson.conversions.Bson match(me.ahoo.wow.api.query.Condition);|descriptor: (Lme/ahoo/wow/api/query/Condition;)Lorg/bson/conversions/Bson;
me.ahoo.wow.mongo.query.AbstractMongoConditionConverter#public org.bson.conversions.Bson ne(me.ahoo.wow.api.query.Condition);|descriptor: (Lme/ahoo/wow/api/query/Condition;)Lorg/bson/conversions/Bson;
me.ahoo.wow.mongo.query.AbstractMongoConditionConverter#public org.bson.conversions.Bson nor(me.ahoo.wow.api.query.Condition);|descriptor: (Lme/ahoo/wow/api/query/Condition;)Lorg/bson/conversions/Bson;
me.ahoo.wow.mongo.query.AbstractMongoConditionConverter#public org.bson.conversions.Bson notIn(me.ahoo.wow.api.query.Condition);|descriptor: (Lme/ahoo/wow/api/query/Condition;)Lorg/bson/conversions/Bson;
me.ahoo.wow.mongo.query.AbstractMongoConditionConverter#public org.bson.conversions.Bson notNull(me.ahoo.wow.api.query.Condition);|descriptor: (Lme/ahoo/wow/api/query/Condition;)Lorg/bson/conversions/Bson;
me.ahoo.wow.mongo.query.AbstractMongoConditionConverter#public org.bson.conversions.Bson or(me.ahoo.wow.api.query.Condition);|descriptor: (Lme/ahoo/wow/api/query/Condition;)Lorg/bson/conversions/Bson;
me.ahoo.wow.mongo.query.AbstractMongoConditionConverter#public org.bson.conversions.Bson ownerId(me.ahoo.wow.api.query.Condition);|descriptor: (Lme/ahoo/wow/api/query/Condition;)Lorg/bson/conversions/Bson;
me.ahoo.wow.mongo.query.AbstractMongoConditionConverter#public org.bson.conversions.Bson raw(me.ahoo.wow.api.query.Condition);|descriptor: (Lme/ahoo/wow/api/query/Condition;)Lorg/bson/conversions/Bson;
me.ahoo.wow.mongo.query.AbstractMongoConditionConverter#public org.bson.conversions.Bson spaceId(me.ahoo.wow.api.query.Condition);|descriptor: (Lme/ahoo/wow/api/query/Condition;)Lorg/bson/conversions/Bson;
me.ahoo.wow.mongo.query.AbstractMongoConditionConverter#public org.bson.conversions.Bson startsWith(me.ahoo.wow.api.query.Condition);|descriptor: (Lme/ahoo/wow/api/query/Condition;)Lorg/bson/conversions/Bson;
me.ahoo.wow.mongo.query.AbstractMongoConditionConverter#public org.bson.conversions.Bson tenantId(me.ahoo.wow.api.query.Condition);|descriptor: (Lme/ahoo/wow/api/query/Condition;)Lorg/bson/conversions/Bson;
me.ahoo.wow.mongo.query.AbstractMongoConditionConverter#public static final me.ahoo.wow.mongo.query.AbstractMongoConditionConverter$Companion Companion;|descriptor: Lme/ahoo/wow/mongo/query/AbstractMongoConditionConverter$Companion;
me.ahoo.wow.mongo.query.AbstractMongoConditionConverter$Companion#class|public final class me.ahoo.wow.mongo.query.AbstractMongoConditionConverter$Companion {
me.ahoo.wow.mongo.query.AbstractMongoConditionConverter$Companion#public me.ahoo.wow.mongo.query.AbstractMongoConditionConverter$Companion(kotlin.jvm.internal.DefaultConstructorMarker);|descriptor: (Lkotlin/jvm/internal/DefaultConstructorMarker;)V
me.ahoo.wow.mongo.query.AbstractMongoQueryService#class|public abstract class me.ahoo.wow.mongo.query.AbstractMongoQueryService<R> implements me.ahoo.wow.query.QueryService<R> {
me.ahoo.wow.mongo.query.AbstractMongoQueryService#protected final com.mongodb.reactivestreams.client.FindPublisher<org.bson.Document> findDocument(me.ahoo.wow.api.query.Queryable<?>);|descriptor: (Lme/ahoo/wow/api/query/Queryable;)Lcom/mongodb/reactivestreams/client/FindPublisher;
me.ahoo.wow.mongo.query.AbstractMongoQueryService#protected me.ahoo.wow.mongo.query.AbstractMongoQueryService(me.ahoo.wow.query.QueryService<R>);|descriptor: (Lme/ahoo/wow/query/QueryService;)V
me.ahoo.wow.mongo.query.AbstractMongoQueryService#public abstract R toTypedResult(org.bson.Document);|descriptor: (Lorg/bson/Document;)Ljava/lang/Object;
me.ahoo.wow.mongo.query.AbstractMongoQueryService#public abstract com.mongodb.reactivestreams.client.MongoCollection<org.bson.Document> getCollection();|descriptor: ()Lcom/mongodb/reactivestreams/client/MongoCollection;
me.ahoo.wow.mongo.query.AbstractMongoQueryService#public abstract me.ahoo.wow.api.query.DynamicDocument toDynamicDocument(org.bson.Document);|descriptor: (Lorg/bson/Document;)Lme/ahoo/wow/api/query/DynamicDocument;
me.ahoo.wow.mongo.query.AbstractMongoQueryService#public abstract me.ahoo.wow.mongo.query.MongoProjectionConverter getProjectionConverter();|descriptor: ()Lme/ahoo/wow/mongo/query/MongoProjectionConverter;
me.ahoo.wow.mongo.query.AbstractMongoQueryService#public abstract me.ahoo.wow.mongo.query.MongoSortConverter getSortConverter();|descriptor: ()Lme/ahoo/wow/mongo/query/MongoSortConverter;
me.ahoo.wow.mongo.query.AbstractMongoQueryService#public abstract me.ahoo.wow.query.converter.ConditionConverter<org.bson.conversions.Bson> getConverter();|descriptor: ()Lme/ahoo/wow/query/converter/ConditionConverter;
me.ahoo.wow.mongo.query.AbstractMongoQueryService#public boolean isSameAggregateName(me.ahoo.wow.api.modeling.NamedAggregate);|descriptor: (Lme/ahoo/wow/api/modeling/NamedAggregate;)Z
me.ahoo.wow.mongo.query.AbstractMongoQueryService#public boolean isSameBoundedContext(me.ahoo.wow.api.naming.NamedBoundedContext);|descriptor: (Lme/ahoo/wow/api/naming/NamedBoundedContext;)Z
me.ahoo.wow.mongo.query.AbstractMongoQueryService#public java.lang.String getAggregateName();|descriptor: ()Ljava/lang/String;
me.ahoo.wow.mongo.query.AbstractMongoQueryService#public java.lang.String getContextName();|descriptor: ()Ljava/lang/String;
me.ahoo.wow.mongo.query.AbstractMongoQueryService#public me.ahoo.wow.mongo.query.AbstractMongoQueryService();|descriptor: ()V
me.ahoo.wow.mongo.query.AbstractMongoQueryService#public reactor.core.publisher.Flux<R> list(me.ahoo.wow.api.query.IListQuery);|descriptor: (Lme/ahoo/wow/api/query/IListQuery;)Lreactor/core/publisher/Flux;
me.ahoo.wow.mongo.query.AbstractMongoQueryService#public reactor.core.publisher.Flux<me.ahoo.wow.api.query.DynamicDocument> dynamicList(me.ahoo.wow.api.query.IListQuery);|descriptor: (Lme/ahoo/wow/api/query/IListQuery;)Lreactor/core/publisher/Flux;
me.ahoo.wow.mongo.query.AbstractMongoQueryService#public reactor.core.publisher.Mono<R> single(me.ahoo.wow.api.query.ISingleQuery);|descriptor: (Lme/ahoo/wow/api/query/ISingleQuery;)Lreactor/core/publisher/Mono;
me.ahoo.wow.mongo.query.AbstractMongoQueryService#public reactor.core.publisher.Mono<java.lang.Long> count(me.ahoo.wow.api.query.Condition);|descriptor: (Lme/ahoo/wow/api/query/Condition;)Lreactor/core/publisher/Mono;
me.ahoo.wow.mongo.query.AbstractMongoQueryService#public reactor.core.publisher.Mono<me.ahoo.wow.api.query.DynamicDocument> dynamicSingle(me.ahoo.wow.api.query.ISingleQuery);|descriptor: (Lme/ahoo/wow/api/query/ISingleQuery;)Lreactor/core/publisher/Mono;
me.ahoo.wow.mongo.query.AbstractMongoQueryService#public reactor.core.publisher.Mono<me.ahoo.wow.api.query.PagedList<R>> paged(me.ahoo.wow.api.query.IPagedQuery);|descriptor: (Lme/ahoo/wow/api/query/IPagedQuery;)Lreactor/core/publisher/Mono;
me.ahoo.wow.mongo.query.AbstractMongoQueryService#public reactor.core.publisher.Mono<me.ahoo.wow.api.query.PagedList<me.ahoo.wow.api.query.DynamicDocument>> dynamicPaged(me.ahoo.wow.api.query.IPagedQuery);|descriptor: (Lme/ahoo/wow/api/query/IPagedQuery;)Lreactor/core/publisher/Mono;
me.ahoo.wow.mongo.query.MongoCollectionsKt#class|public final class me.ahoo.wow.mongo.query.MongoCollectionsKt {
me.ahoo.wow.mongo.query.MongoCollectionsKt#public static final com.mongodb.reactivestreams.client.FindPublisher<org.bson.Document> findDocument(com.mongodb.reactivestreams.client.MongoCollection<org.bson.Document>, me.ahoo.wow.query.converter.ConditionConverter<org.bson.conversions.Bson>, me.ahoo.wow.api.query.Queryable<?>, me.ahoo.wow.mongo.query.MongoProjectionConverter, me.ahoo.wow.mongo.query.MongoSortConverter);|descriptor: (Lcom/mongodb/reactivestreams/client/MongoCollection;Lme/ahoo/wow/query/converter/ConditionConverter;Lme/ahoo/wow/api/query/Queryable;Lme/ahoo/wow/mongo/query/MongoProjectionConverter;Lme/ahoo/wow/mongo/query/MongoSortConverter;)Lcom/mongodb/reactivestreams/client/FindPublisher;
me.ahoo.wow.mongo.query.MongoProjectionConverter#class|public final class me.ahoo.wow.mongo.query.MongoProjectionConverter extends me.ahoo.wow.query.converter.AbstractProjectionConverter<org.bson.conversions.Bson> {
me.ahoo.wow.mongo.query.MongoProjectionConverter#protected org.bson.conversions.Bson internalConvert(me.ahoo.wow.api.query.Projection);|descriptor: (Lme/ahoo/wow/api/query/Projection;)Lorg/bson/conversions/Bson;
me.ahoo.wow.mongo.query.MongoProjectionConverter#public java.lang.Object internalConvert(me.ahoo.wow.api.query.Projection);|descriptor: (Lme/ahoo/wow/api/query/Projection;)Ljava/lang/Object;
me.ahoo.wow.mongo.query.MongoProjectionConverter#public me.ahoo.wow.mongo.query.MongoProjectionConverter(me.ahoo.wow.query.converter.FieldConverter);|descriptor: (Lme/ahoo/wow/query/converter/FieldConverter;)V
me.ahoo.wow.mongo.query.MongoProjectionConverter#public me.ahoo.wow.query.converter.FieldConverter getFieldConverter();|descriptor: ()Lme/ahoo/wow/query/converter/FieldConverter;
me.ahoo.wow.mongo.query.MongoSortConverter#class|public final class me.ahoo.wow.mongo.query.MongoSortConverter extends me.ahoo.wow.query.converter.AbstractSortConverter<org.bson.conversions.Bson> {
me.ahoo.wow.mongo.query.MongoSortConverter#protected me.ahoo.wow.query.converter.FieldConverter getFieldConverter();|descriptor: ()Lme/ahoo/wow/query/converter/FieldConverter;
me.ahoo.wow.mongo.query.MongoSortConverter#protected org.bson.conversions.Bson internalConvert(java.util.List<me.ahoo.wow.api.query.Sort>);|descriptor: (Ljava/util/List;)Lorg/bson/conversions/Bson;
me.ahoo.wow.mongo.query.MongoSortConverter#public java.lang.Object internalConvert(java.util.List);|descriptor: (Ljava/util/List;)Ljava/lang/Object;
me.ahoo.wow.mongo.query.MongoSortConverter#public me.ahoo.wow.mongo.query.MongoSortConverter(me.ahoo.wow.query.converter.FieldConverter);|descriptor: (Lme/ahoo/wow/query/converter/FieldConverter;)V
me.ahoo.wow.mongo.query.backend.MongoNativeQueryTemplate#class|public interface me.ahoo.wow.mongo.query.backend.MongoNativeQueryTemplate {
me.ahoo.wow.mongo.query.backend.MongoNativeQueryTemplate#public abstract org.bson.conversions.Bson build(java.util.Map<java.lang.String, ? extends me.ahoo.wow.api.query.expression.QueryValue>);|descriptor: (Ljava/util/Map;)Lorg/bson/conversions/Bson;
me.ahoo.wow.mongo.query.backend.MongoNativeQueryTemplateRegistry#class|public final class me.ahoo.wow.mongo.query.backend.MongoNativeQueryTemplateRegistry {
me.ahoo.wow.mongo.query.backend.MongoNativeQueryTemplateRegistry#public final me.ahoo.wow.mongo.query.backend.MongoNativeQueryTemplate template(java.lang.String);|descriptor: (Ljava/lang/String;)Lme/ahoo/wow/mongo/query/backend/MongoNativeQueryTemplate;
me.ahoo.wow.mongo.query.backend.MongoNativeQueryTemplateRegistry#public java.lang.String toString();|descriptor: ()Ljava/lang/String;
me.ahoo.wow.mongo.query.backend.MongoNativeQueryTemplateRegistry#public me.ahoo.wow.mongo.query.backend.MongoNativeQueryTemplateRegistry();|descriptor: ()V
me.ahoo.wow.mongo.query.backend.MongoNativeQueryTemplateRegistry#public me.ahoo.wow.mongo.query.backend.MongoNativeQueryTemplateRegistry(java.util.Map, int, kotlin.jvm.internal.DefaultConstructorMarker);|descriptor: (Ljava/util/Map;ILkotlin/jvm/internal/DefaultConstructorMarker;)V
me.ahoo.wow.mongo.query.backend.MongoNativeQueryTemplateRegistry#public me.ahoo.wow.mongo.query.backend.MongoNativeQueryTemplateRegistry(java.util.Map<java.lang.String, ? extends me.ahoo.wow.mongo.query.backend.MongoNativeQueryTemplate>);|descriptor: (Ljava/util/Map;)V
me.ahoo.wow.mongo.query.backend.MongoQueryBackendFactory#class|public final class me.ahoo.wow.mongo.query.backend.MongoQueryBackendFactory implements me.ahoo.wow.query.backend.QueryBackendFactory {
me.ahoo.wow.mongo.query.backend.MongoQueryBackendFactory#public me.ahoo.wow.mongo.query.backend.MongoQueryBackendFactory(com.mongodb.reactivestreams.client.MongoDatabase);|descriptor: (Lcom/mongodb/reactivestreams/client/MongoDatabase;)V
me.ahoo.wow.mongo.query.backend.MongoQueryBackendFactory#public me.ahoo.wow.mongo.query.backend.MongoQueryBackendFactory(com.mongodb.reactivestreams.client.MongoDatabase, me.ahoo.wow.mongo.query.backend.MongoNativeQueryTemplateRegistry);|descriptor: (Lcom/mongodb/reactivestreams/client/MongoDatabase;Lme/ahoo/wow/mongo/query/backend/MongoNativeQueryTemplateRegistry;)V
me.ahoo.wow.mongo.query.backend.MongoQueryBackendFactory#public me.ahoo.wow.mongo.query.backend.MongoQueryBackendFactory(com.mongodb.reactivestreams.client.MongoDatabase, me.ahoo.wow.mongo.query.backend.MongoNativeQueryTemplateRegistry, me.ahoo.wow.query.validation.QueryBudgetLimit);|descriptor: (Lcom/mongodb/reactivestreams/client/MongoDatabase;Lme/ahoo/wow/mongo/query/backend/MongoNativeQueryTemplateRegistry;Lme/ahoo/wow/query/validation/QueryBudgetLimit;)V
me.ahoo.wow.mongo.query.backend.MongoQueryBackendFactory#public me.ahoo.wow.mongo.query.backend.MongoQueryBackendFactory(com.mongodb.reactivestreams.client.MongoDatabase, me.ahoo.wow.mongo.query.backend.MongoNativeQueryTemplateRegistry, me.ahoo.wow.query.validation.QueryBudgetLimit, int, kotlin.jvm.internal.DefaultConstructorMarker);|descriptor: (Lcom/mongodb/reactivestreams/client/MongoDatabase;Lme/ahoo/wow/mongo/query/backend/MongoNativeQueryTemplateRegistry;Lme/ahoo/wow/query/validation/QueryBudgetLimit;ILkotlin/jvm/internal/DefaultConstructorMarker;)V
me.ahoo.wow.mongo.query.backend.MongoQueryBackendFactory#public me.ahoo.wow.query.backend.QueryBackend bind(me.ahoo.wow.query.backend.QueryBackendResolutionContext);|descriptor: (Lme/ahoo/wow/query/backend/QueryBackendResolutionContext;)Lme/ahoo/wow/query/backend/QueryBackend;
me.ahoo.wow.mongo.query.backend.MongoQueryBackendFactory#public static final java.lang.String BACKEND_ID;|descriptor: Ljava/lang/String;
me.ahoo.wow.mongo.query.backend.MongoQueryBackendFactory#public static final java.lang.String FULL_TEXT_CAPABILITY;|descriptor: Ljava/lang/String;
me.ahoo.wow.mongo.query.backend.MongoQueryBackendFactory#public static final java.lang.String NATIVE_CAPABILITY;|descriptor: Ljava/lang/String;
me.ahoo.wow.mongo.query.backend.MongoQueryBackendFactory#public static final me.ahoo.wow.mongo.query.backend.MongoQueryBackendFactory$Companion Companion;|descriptor: Lme/ahoo/wow/mongo/query/backend/MongoQueryBackendFactory$Companion;
me.ahoo.wow.mongo.query.backend.MongoQueryBackendFactory$Companion#class|public final class me.ahoo.wow.mongo.query.backend.MongoQueryBackendFactory$Companion {
me.ahoo.wow.mongo.query.backend.MongoQueryBackendFactory$Companion#public me.ahoo.wow.mongo.query.backend.MongoQueryBackendFactory$Companion(kotlin.jvm.internal.DefaultConstructorMarker);|descriptor: (Lkotlin/jvm/internal/DefaultConstructorMarker;)V
me.ahoo.wow.mongo.query.event.EventStreamConditionConverter#class|public final class me.ahoo.wow.mongo.query.event.EventStreamConditionConverter extends me.ahoo.wow.mongo.query.AbstractMongoConditionConverter {
me.ahoo.wow.mongo.query.event.EventStreamConditionConverter#protected me.ahoo.wow.query.converter.FieldConverter getFieldConverter();|descriptor: ()Lme/ahoo/wow/query/converter/FieldConverter;
me.ahoo.wow.mongo.query.event.EventStreamConditionConverter#public java.lang.Object aggregateId(me.ahoo.wow.api.query.Condition);|descriptor: (Lme/ahoo/wow/api/query/Condition;)Ljava/lang/Object;
me.ahoo.wow.mongo.query.event.EventStreamConditionConverter#public java.lang.Object aggregateIds(me.ahoo.wow.api.query.Condition);|descriptor: (Lme/ahoo/wow/api/query/Condition;)Ljava/lang/Object;
me.ahoo.wow.mongo.query.event.EventStreamConditionConverter#public java.lang.Object convert(me.ahoo.wow.api.query.Condition);|descriptor: (Lme/ahoo/wow/api/query/Condition;)Ljava/lang/Object;
me.ahoo.wow.mongo.query.event.EventStreamConditionConverter#public org.bson.conversions.Bson aggregateId(me.ahoo.wow.api.query.Condition);|descriptor: (Lme/ahoo/wow/api/query/Condition;)Lorg/bson/conversions/Bson;
me.ahoo.wow.mongo.query.event.EventStreamConditionConverter#public org.bson.conversions.Bson aggregateIds(me.ahoo.wow.api.query.Condition);|descriptor: (Lme/ahoo/wow/api/query/Condition;)Lorg/bson/conversions/Bson;
me.ahoo.wow.mongo.query.event.EventStreamConditionConverter#public org.bson.conversions.Bson convert(me.ahoo.wow.api.query.Condition);|descriptor: (Lme/ahoo/wow/api/query/Condition;)Lorg/bson/conversions/Bson;
me.ahoo.wow.mongo.query.event.EventStreamConditionConverter#public static final me.ahoo.wow.mongo.query.event.EventStreamConditionConverter INSTANCE;|descriptor: Lme/ahoo/wow/mongo/query/event/EventStreamConditionConverter;
me.ahoo.wow.mongo.query.event.EventStreamFieldConverter#class|public final class me.ahoo.wow.mongo.query.event.EventStreamFieldConverter implements me.ahoo.wow.query.converter.FieldConverter {
me.ahoo.wow.mongo.query.event.EventStreamFieldConverter#public java.lang.String convert(java.lang.String);|descriptor: (Ljava/lang/String;)Ljava/lang/String;
me.ahoo.wow.mongo.query.event.EventStreamFieldConverter#public static final me.ahoo.wow.mongo.query.event.EventStreamFieldConverter INSTANCE;|descriptor: Lme/ahoo/wow/mongo/query/event/EventStreamFieldConverter;
me.ahoo.wow.mongo.query.event.MongoEventStreamQueryService#class|public final class me.ahoo.wow.mongo.query.event.MongoEventStreamQueryService extends me.ahoo.wow.mongo.query.AbstractMongoQueryService<me.ahoo.wow.event.DomainEventStream> implements me.ahoo.wow.query.event.EventStreamQueryService {
me.ahoo.wow.mongo.query.event.MongoEventStreamQueryService#public com.mongodb.reactivestreams.client.MongoCollection<org.bson.Document> getCollection();|descriptor: ()Lcom/mongodb/reactivestreams/client/MongoCollection;
me.ahoo.wow.mongo.query.event.MongoEventStreamQueryService#public java.lang.Object toTypedResult(org.bson.Document);|descriptor: (Lorg/bson/Document;)Ljava/lang/Object;
me.ahoo.wow.mongo.query.event.MongoEventStreamQueryService#public me.ahoo.wow.api.modeling.NamedAggregate getNamedAggregate();|descriptor: ()Lme/ahoo/wow/api/modeling/NamedAggregate;
me.ahoo.wow.mongo.query.event.MongoEventStreamQueryService#public me.ahoo.wow.api.query.DynamicDocument toDynamicDocument(org.bson.Document);|descriptor: (Lorg/bson/Document;)Lme/ahoo/wow/api/query/DynamicDocument;
me.ahoo.wow.mongo.query.event.MongoEventStreamQueryService#public me.ahoo.wow.event.DomainEventStream toTypedResult(org.bson.Document);|descriptor: (Lorg/bson/Document;)Lme/ahoo/wow/event/DomainEventStream;
me.ahoo.wow.mongo.query.event.MongoEventStreamQueryService#public me.ahoo.wow.mongo.query.MongoProjectionConverter getProjectionConverter();|descriptor: ()Lme/ahoo/wow/mongo/query/MongoProjectionConverter;
me.ahoo.wow.mongo.query.event.MongoEventStreamQueryService#public me.ahoo.wow.mongo.query.MongoSortConverter getSortConverter();|descriptor: ()Lme/ahoo/wow/mongo/query/MongoSortConverter;
me.ahoo.wow.mongo.query.event.MongoEventStreamQueryService#public me.ahoo.wow.mongo.query.event.MongoEventStreamQueryService(me.ahoo.wow.api.modeling.NamedAggregate, com.mongodb.reactivestreams.client.MongoCollection, me.ahoo.wow.query.converter.ConditionConverter, int, kotlin.jvm.internal.DefaultConstructorMarker);|descriptor: (Lme/ahoo/wow/api/modeling/NamedAggregate;Lcom/mongodb/reactivestreams/client/MongoCollection;Lme/ahoo/wow/query/converter/ConditionConverter;ILkotlin/jvm/internal/DefaultConstructorMarker;)V
me.ahoo.wow.mongo.query.event.MongoEventStreamQueryService#public me.ahoo.wow.mongo.query.event.MongoEventStreamQueryService(me.ahoo.wow.api.modeling.NamedAggregate, com.mongodb.reactivestreams.client.MongoCollection<org.bson.Document>, me.ahoo.wow.query.QueryGateway);|descriptor: (Lme/ahoo/wow/api/modeling/NamedAggregate;Lcom/mongodb/reactivestreams/client/MongoCollection;Lme/ahoo/wow/query/QueryGateway;)V
me.ahoo.wow.mongo.query.event.MongoEventStreamQueryService#public me.ahoo.wow.mongo.query.event.MongoEventStreamQueryService(me.ahoo.wow.api.modeling.NamedAggregate, com.mongodb.reactivestreams.client.MongoCollection<org.bson.Document>, me.ahoo.wow.query.converter.ConditionConverter<org.bson.conversions.Bson>);|descriptor: (Lme/ahoo/wow/api/modeling/NamedAggregate;Lcom/mongodb/reactivestreams/client/MongoCollection;Lme/ahoo/wow/query/converter/ConditionConverter;)V
me.ahoo.wow.mongo.query.event.MongoEventStreamQueryService#public me.ahoo.wow.query.converter.ConditionConverter<org.bson.conversions.Bson> getConverter();|descriptor: ()Lme/ahoo/wow/query/converter/ConditionConverter;
me.ahoo.wow.mongo.query.event.MongoEventStreamQueryServiceFactory#class|public final class me.ahoo.wow.mongo.query.event.MongoEventStreamQueryServiceFactory extends me.ahoo.wow.query.event.AbstractEventStreamQueryServiceFactory {
me.ahoo.wow.mongo.query.event.MongoEventStreamQueryServiceFactory#protected me.ahoo.wow.query.event.EventStreamQueryService createQueryService(me.ahoo.wow.api.modeling.NamedAggregate);|descriptor: (Lme/ahoo/wow/api/modeling/NamedAggregate;)Lme/ahoo/wow/query/event/EventStreamQueryService;
me.ahoo.wow.mongo.query.event.MongoEventStreamQueryServiceFactory#public me.ahoo.wow.mongo.query.event.MongoEventStreamQueryServiceFactory(com.mongodb.reactivestreams.client.MongoDatabase);|descriptor: (Lcom/mongodb/reactivestreams/client/MongoDatabase;)V
me.ahoo.wow.mongo.query.event.MongoEventStreamQueryServiceFactory#public me.ahoo.wow.mongo.query.event.MongoEventStreamQueryServiceFactory(com.mongodb.reactivestreams.client.MongoDatabase, me.ahoo.wow.query.QueryGateway);|descriptor: (Lcom/mongodb/reactivestreams/client/MongoDatabase;Lme/ahoo/wow/query/QueryGateway;)V
me.ahoo.wow.mongo.query.snapshot.MongoSnapshotQueryService#class|public final class me.ahoo.wow.mongo.query.snapshot.MongoSnapshotQueryService<S> extends me.ahoo.wow.mongo.query.AbstractMongoQueryService<me.ahoo.wow.api.query.MaterializedSnapshot<S>> implements me.ahoo.wow.query.snapshot.SnapshotQueryService<S> {
me.ahoo.wow.mongo.query.snapshot.MongoSnapshotQueryService#public com.mongodb.reactivestreams.client.MongoCollection<org.bson.Document> getCollection();|descriptor: ()Lcom/mongodb/reactivestreams/client/MongoCollection;
me.ahoo.wow.mongo.query.snapshot.MongoSnapshotQueryService#public java.lang.Object toTypedResult(org.bson.Document);|descriptor: (Lorg/bson/Document;)Ljava/lang/Object;
me.ahoo.wow.mongo.query.snapshot.MongoSnapshotQueryService#public java.lang.String getName();|descriptor: ()Ljava/lang/String;
me.ahoo.wow.mongo.query.snapshot.MongoSnapshotQueryService#public me.ahoo.wow.api.modeling.NamedAggregate getNamedAggregate();|descriptor: ()Lme/ahoo/wow/api/modeling/NamedAggregate;
me.ahoo.wow.mongo.query.snapshot.MongoSnapshotQueryService#public me.ahoo.wow.api.query.DynamicDocument toDynamicDocument(org.bson.Document);|descriptor: (Lorg/bson/Document;)Lme/ahoo/wow/api/query/DynamicDocument;
me.ahoo.wow.mongo.query.snapshot.MongoSnapshotQueryService#public me.ahoo.wow.api.query.MaterializedSnapshot<S> toTypedResult(org.bson.Document);|descriptor: (Lorg/bson/Document;)Lme/ahoo/wow/api/query/MaterializedSnapshot;
me.ahoo.wow.mongo.query.snapshot.MongoSnapshotQueryService#public me.ahoo.wow.mongo.query.MongoProjectionConverter getProjectionConverter();|descriptor: ()Lme/ahoo/wow/mongo/query/MongoProjectionConverter;
me.ahoo.wow.mongo.query.snapshot.MongoSnapshotQueryService#public me.ahoo.wow.mongo.query.MongoSortConverter getSortConverter();|descriptor: ()Lme/ahoo/wow/mongo/query/MongoSortConverter;
me.ahoo.wow.mongo.query.snapshot.MongoSnapshotQueryService#public me.ahoo.wow.mongo.query.snapshot.MongoSnapshotQueryService(me.ahoo.wow.api.modeling.NamedAggregate, com.mongodb.reactivestreams.client.MongoCollection, me.ahoo.wow.query.converter.ConditionConverter, int, kotlin.jvm.internal.DefaultConstructorMarker);|descriptor: (Lme/ahoo/wow/api/modeling/NamedAggregate;Lcom/mongodb/reactivestreams/client/MongoCollection;Lme/ahoo/wow/query/converter/ConditionConverter;ILkotlin/jvm/internal/DefaultConstructorMarker;)V
me.ahoo.wow.mongo.query.snapshot.MongoSnapshotQueryService#public me.ahoo.wow.mongo.query.snapshot.MongoSnapshotQueryService(me.ahoo.wow.api.modeling.NamedAggregate, com.mongodb.reactivestreams.client.MongoCollection<org.bson.Document>, me.ahoo.wow.query.QueryGateway);|descriptor: (Lme/ahoo/wow/api/modeling/NamedAggregate;Lcom/mongodb/reactivestreams/client/MongoCollection;Lme/ahoo/wow/query/QueryGateway;)V
me.ahoo.wow.mongo.query.snapshot.MongoSnapshotQueryService#public me.ahoo.wow.mongo.query.snapshot.MongoSnapshotQueryService(me.ahoo.wow.api.modeling.NamedAggregate, com.mongodb.reactivestreams.client.MongoCollection<org.bson.Document>, me.ahoo.wow.query.converter.ConditionConverter<org.bson.conversions.Bson>);|descriptor: (Lme/ahoo/wow/api/modeling/NamedAggregate;Lcom/mongodb/reactivestreams/client/MongoCollection;Lme/ahoo/wow/query/converter/ConditionConverter;)V
me.ahoo.wow.mongo.query.snapshot.MongoSnapshotQueryService#public me.ahoo.wow.query.converter.ConditionConverter<org.bson.conversions.Bson> getConverter();|descriptor: ()Lme/ahoo/wow/query/converter/ConditionConverter;
me.ahoo.wow.mongo.query.snapshot.MongoSnapshotQueryServiceFactory#class|public final class me.ahoo.wow.mongo.query.snapshot.MongoSnapshotQueryServiceFactory extends me.ahoo.wow.query.snapshot.AbstractSnapshotQueryServiceFactory {
me.ahoo.wow.mongo.query.snapshot.MongoSnapshotQueryServiceFactory#protected me.ahoo.wow.query.snapshot.SnapshotQueryService<?> createQueryService(me.ahoo.wow.api.modeling.NamedAggregate);|descriptor: (Lme/ahoo/wow/api/modeling/NamedAggregate;)Lme/ahoo/wow/query/snapshot/SnapshotQueryService;
me.ahoo.wow.mongo.query.snapshot.MongoSnapshotQueryServiceFactory#public me.ahoo.wow.mongo.query.snapshot.MongoSnapshotQueryServiceFactory(com.mongodb.reactivestreams.client.MongoDatabase);|descriptor: (Lcom/mongodb/reactivestreams/client/MongoDatabase;)V
me.ahoo.wow.mongo.query.snapshot.MongoSnapshotQueryServiceFactory#public me.ahoo.wow.mongo.query.snapshot.MongoSnapshotQueryServiceFactory(com.mongodb.reactivestreams.client.MongoDatabase, me.ahoo.wow.query.QueryGateway);|descriptor: (Lcom/mongodb/reactivestreams/client/MongoDatabase;Lme/ahoo/wow/query/QueryGateway;)V
me.ahoo.wow.mongo.query.snapshot.SnapshotConditionConverter#class|public final class me.ahoo.wow.mongo.query.snapshot.SnapshotConditionConverter extends me.ahoo.wow.mongo.query.AbstractMongoConditionConverter {
me.ahoo.wow.mongo.query.snapshot.SnapshotConditionConverter#protected me.ahoo.wow.query.converter.FieldConverter getFieldConverter();|descriptor: ()Lme/ahoo/wow/query/converter/FieldConverter;
me.ahoo.wow.mongo.query.snapshot.SnapshotConditionConverter#public java.lang.Object aggregateId(me.ahoo.wow.api.query.Condition);|descriptor: (Lme/ahoo/wow/api/query/Condition;)Ljava/lang/Object;
me.ahoo.wow.mongo.query.snapshot.SnapshotConditionConverter#public java.lang.Object aggregateIds(me.ahoo.wow.api.query.Condition);|descriptor: (Lme/ahoo/wow/api/query/Condition;)Ljava/lang/Object;
me.ahoo.wow.mongo.query.snapshot.SnapshotConditionConverter#public org.bson.conversions.Bson aggregateId(me.ahoo.wow.api.query.Condition);|descriptor: (Lme/ahoo/wow/api/query/Condition;)Lorg/bson/conversions/Bson;
me.ahoo.wow.mongo.query.snapshot.SnapshotConditionConverter#public org.bson.conversions.Bson aggregateIds(me.ahoo.wow.api.query.Condition);|descriptor: (Lme/ahoo/wow/api/query/Condition;)Lorg/bson/conversions/Bson;
me.ahoo.wow.mongo.query.snapshot.SnapshotConditionConverter#public static final me.ahoo.wow.mongo.query.snapshot.SnapshotConditionConverter INSTANCE;|descriptor: Lme/ahoo/wow/mongo/query/snapshot/SnapshotConditionConverter;
me.ahoo.wow.mongo.query.snapshot.SnapshotFieldConverter#class|public final class me.ahoo.wow.mongo.query.snapshot.SnapshotFieldConverter implements me.ahoo.wow.query.converter.FieldConverter {
me.ahoo.wow.mongo.query.snapshot.SnapshotFieldConverter#public java.lang.String convert(java.lang.String);|descriptor: (Ljava/lang/String;)Ljava/lang/String;
me.ahoo.wow.mongo.query.snapshot.SnapshotFieldConverter#public static final me.ahoo.wow.mongo.query.snapshot.SnapshotFieldConverter INSTANCE;|descriptor: Lme/ahoo/wow/mongo/query/snapshot/SnapshotFieldConverter;
