me.ahoo.wow.spring.query.EventStreamQueryServiceRegistrar#class|public final class me.ahoo.wow.spring.query.EventStreamQueryServiceRegistrar extends me.ahoo.wow.spring.query.QueryServiceRegistrar {
me.ahoo.wow.spring.query.EventStreamQueryServiceRegistrar#public me.ahoo.wow.spring.query.EventStreamQueryServiceRegistrar();|descriptor: ()V
me.ahoo.wow.spring.query.EventStreamQueryServiceRegistrar#public static final me.ahoo.wow.spring.query.EventStreamQueryServiceRegistrar$Companion Companion;|descriptor: Lme/ahoo/wow/spring/query/EventStreamQueryServiceRegistrar$Companion;
me.ahoo.wow.spring.query.EventStreamQueryServiceRegistrar#public void registerQueryService(java.util.Map$Entry<me.ahoo.wow.modeling.MaterializedNamedAggregate, ? extends java.lang.Class<?>>, org.springframework.beans.factory.support.BeanDefinitionRegistry);|descriptor: (Ljava/util/Map$Entry;Lorg/springframework/beans/factory/support/BeanDefinitionRegistry;)V
me.ahoo.wow.spring.query.EventStreamQueryServiceRegistrar$Companion#class|public final class me.ahoo.wow.spring.query.EventStreamQueryServiceRegistrar$Companion {
me.ahoo.wow.spring.query.EventStreamQueryServiceRegistrar$Companion#public me.ahoo.wow.spring.query.EventStreamQueryServiceRegistrar$Companion(kotlin.jvm.internal.DefaultConstructorMarker);|descriptor: (Lkotlin/jvm/internal/DefaultConstructorMarker;)V
me.ahoo.wow.spring.query.EventStreamQueryServiceRegistrarKt#class|public final class me.ahoo.wow.spring.query.EventStreamQueryServiceRegistrarKt {
me.ahoo.wow.spring.query.EventStreamQueryServiceRegistrarKt#public static final me.ahoo.wow.query.event.EventStreamQueryServiceFactory getOrNoOp(org.springframework.beans.factory.ObjectProvider<me.ahoo.wow.query.event.EventStreamQueryServiceFactory>);|descriptor: (Lorg/springframework/beans/factory/ObjectProvider;)Lme/ahoo/wow/query/event/EventStreamQueryServiceFactory;
me.ahoo.wow.spring.query.QueryServiceRegistrar#class|public abstract class me.ahoo.wow.spring.query.QueryServiceRegistrar implements org.springframework.context.annotation.ImportBeanDefinitionRegistrar,org.springframework.beans.factory.BeanFactoryAware {
me.ahoo.wow.spring.query.QueryServiceRegistrar#protected final org.springframework.beans.factory.BeanFactory getAppContext();|descriptor: ()Lorg/springframework/beans/factory/BeanFactory;
me.ahoo.wow.spring.query.QueryServiceRegistrar#protected final void setAppContext(org.springframework.beans.factory.BeanFactory);|descriptor: (Lorg/springframework/beans/factory/BeanFactory;)V
me.ahoo.wow.spring.query.QueryServiceRegistrar#protected org.springframework.beans.factory.BeanFactory appContext;|descriptor: Lorg/springframework/beans/factory/BeanFactory;
me.ahoo.wow.spring.query.QueryServiceRegistrar#public abstract void registerQueryService(java.util.Map$Entry<me.ahoo.wow.modeling.MaterializedNamedAggregate, ? extends java.lang.Class<?>>, org.springframework.beans.factory.support.BeanDefinitionRegistry);|descriptor: (Ljava/util/Map$Entry;Lorg/springframework/beans/factory/support/BeanDefinitionRegistry;)V
me.ahoo.wow.spring.query.QueryServiceRegistrar#public me.ahoo.wow.spring.query.QueryServiceRegistrar();|descriptor: ()V
me.ahoo.wow.spring.query.QueryServiceRegistrar#public void registerBeanDefinitions(org.springframework.core.type.AnnotationMetadata, org.springframework.beans.factory.support.BeanDefinitionRegistry);|descriptor: (Lorg/springframework/core/type/AnnotationMetadata;Lorg/springframework/beans/factory/support/BeanDefinitionRegistry;)V
me.ahoo.wow.spring.query.QueryServiceRegistrar#public void setBeanFactory(org.springframework.beans.factory.BeanFactory);|descriptor: (Lorg/springframework/beans/factory/BeanFactory;)V
me.ahoo.wow.spring.query.SnapshotQueryServiceRegistrar#class|public final class me.ahoo.wow.spring.query.SnapshotQueryServiceRegistrar extends me.ahoo.wow.spring.query.QueryServiceRegistrar {
me.ahoo.wow.spring.query.SnapshotQueryServiceRegistrar#public me.ahoo.wow.spring.query.SnapshotQueryServiceRegistrar();|descriptor: ()V
me.ahoo.wow.spring.query.SnapshotQueryServiceRegistrar#public static final me.ahoo.wow.spring.query.SnapshotQueryServiceRegistrar$Companion Companion;|descriptor: Lme/ahoo/wow/spring/query/SnapshotQueryServiceRegistrar$Companion;
me.ahoo.wow.spring.query.SnapshotQueryServiceRegistrar#public void registerQueryService(java.util.Map$Entry<me.ahoo.wow.modeling.MaterializedNamedAggregate, ? extends java.lang.Class<?>>, org.springframework.beans.factory.support.BeanDefinitionRegistry);|descriptor: (Ljava/util/Map$Entry;Lorg/springframework/beans/factory/support/BeanDefinitionRegistry;)V
me.ahoo.wow.spring.query.SnapshotQueryServiceRegistrar$Companion#class|public final class me.ahoo.wow.spring.query.SnapshotQueryServiceRegistrar$Companion {
me.ahoo.wow.spring.query.SnapshotQueryServiceRegistrar$Companion#public me.ahoo.wow.spring.query.SnapshotQueryServiceRegistrar$Companion(kotlin.jvm.internal.DefaultConstructorMarker);|descriptor: (Lkotlin/jvm/internal/DefaultConstructorMarker;)V
me.ahoo.wow.spring.query.SnapshotQueryServiceRegistrarKt#class|public final class me.ahoo.wow.spring.query.SnapshotQueryServiceRegistrarKt {
me.ahoo.wow.spring.query.SnapshotQueryServiceRegistrarKt#public static final me.ahoo.wow.query.snapshot.SnapshotQueryServiceFactory getOrNoOp(org.springframework.beans.factory.ObjectProvider<me.ahoo.wow.query.snapshot.SnapshotQueryServiceFactory>);|descriptor: (Lorg/springframework/beans/factory/ObjectProvider;)Lme/ahoo/wow/query/snapshot/SnapshotQueryServiceFactory;
